Component: Arm Compiler for Embedded 6.21 Tool: armlink [5ec1fa00]

==============================================================================

Section Cross References

    startup_gd32e23x.o(RESET) refers to startup_gd32e23x.o(STACK) for __initial_sp
    startup_gd32e23x.o(RESET) refers to startup_gd32e23x.o(.text) for Reset_Handler
    startup_gd32e23x.o(RESET) refers to gd32e23x_it.o(.text.NMI_Handler) for NMI_Handler
    startup_gd32e23x.o(RESET) refers to gd32e23x_it.o(.text.HardFault_Handler) for HardFault_Handler
    startup_gd32e23x.o(RESET) refers to gd32e23x_it.o(.text.SVC_Handler) for SVC_Handler
    startup_gd32e23x.o(RESET) refers to gd32e23x_it.o(.text.PendSV_Handler) for PendSV_Handler
    startup_gd32e23x.o(RESET) refers to gd32e23x_it.o(.text.SysTick_Handler) for SysTick_Handler
    startup_gd32e23x.o(RESET) refers to bsp_ultrasonic.o(.text.TIMER5_IRQHandler) for TIMER5_IRQHandler
    startup_gd32e23x.o(RESET) refers to bsp_usart.o(.text.USART0_IRQHandler) for USART0_IRQHandler
    startup_gd32e23x.o(RESET) refers to bluetooch.o(.text.USART1_IRQHandler) for USART1_IRQHandler
    startup_gd32e23x.o(.text) refers to system_gd32e23x.o(.text.SystemInit) for SystemInit
    startup_gd32e23x.o(.text) refers to entry.o(.ARM.Collect$$$$00000000) for __main
    system_gd32e23x.o(.text.SystemInit) refers to system_gd32e23x.o(.text.system_clock_config) for system_clock_config
    system_gd32e23x.o(.text.SystemInit) refers to gd32e23x_misc.o(.text.nvic_vector_table_set) for nvic_vector_table_set
    system_gd32e23x.o(.ARM.exidx.text.SystemInit) refers to system_gd32e23x.o(.text.SystemInit) for [Anonymous Symbol]
    system_gd32e23x.o(.text.system_clock_config) refers to system_gd32e23x.o(.text.system_clock_72m_hxtal) for system_clock_72m_hxtal
    system_gd32e23x.o(.ARM.exidx.text.system_clock_config) refers to system_gd32e23x.o(.text.system_clock_config) for [Anonymous Symbol]
    system_gd32e23x.o(.text.SystemCoreClockUpdate) refers to system_gd32e23x.o(.data.SystemCoreClock) for SystemCoreClock
    system_gd32e23x.o(.ARM.exidx.text.SystemCoreClockUpdate) refers to system_gd32e23x.o(.text.SystemCoreClockUpdate) for [Anonymous Symbol]
    system_gd32e23x.o(.ARM.exidx.text.system_clock_72m_hxtal) refers to system_gd32e23x.o(.text.system_clock_72m_hxtal) for [Anonymous Symbol]
    gd32e23x_adc.o(.text.adc_deinit) refers to gd32e23x_rcu.o(.text.rcu_periph_reset_enable) for rcu_periph_reset_enable
    gd32e23x_adc.o(.text.adc_deinit) refers to gd32e23x_rcu.o(.text.rcu_periph_reset_disable) for rcu_periph_reset_disable
    gd32e23x_adc.o(.ARM.exidx.text.adc_deinit) refers to gd32e23x_adc.o(.text.adc_deinit) for [Anonymous Symbol]
    gd32e23x_adc.o(.ARM.exidx.text.adc_enable) refers to gd32e23x_adc.o(.text.adc_enable) for [Anonymous Symbol]
    gd32e23x_adc.o(.ARM.exidx.text.adc_disable) refers to gd32e23x_adc.o(.text.adc_disable) for [Anonymous Symbol]
    gd32e23x_adc.o(.ARM.exidx.text.adc_calibration_enable) refers to gd32e23x_adc.o(.text.adc_calibration_enable) for [Anonymous Symbol]
    gd32e23x_adc.o(.ARM.exidx.text.adc_dma_mode_enable) refers to gd32e23x_adc.o(.text.adc_dma_mode_enable) for [Anonymous Symbol]
    gd32e23x_adc.o(.ARM.exidx.text.adc_dma_mode_disable) refers to gd32e23x_adc.o(.text.adc_dma_mode_disable) for [Anonymous Symbol]
    gd32e23x_adc.o(.ARM.exidx.text.adc_tempsensor_vrefint_enable) refers to gd32e23x_adc.o(.text.adc_tempsensor_vrefint_enable) for [Anonymous Symbol]
    gd32e23x_adc.o(.ARM.exidx.text.adc_tempsensor_vrefint_disable) refers to gd32e23x_adc.o(.text.adc_tempsensor_vrefint_disable) for [Anonymous Symbol]
    gd32e23x_adc.o(.ARM.exidx.text.adc_discontinuous_mode_config) refers to gd32e23x_adc.o(.text.adc_discontinuous_mode_config) for [Anonymous Symbol]
    gd32e23x_adc.o(.ARM.exidx.text.adc_special_function_config) refers to gd32e23x_adc.o(.text.adc_special_function_config) for [Anonymous Symbol]
    gd32e23x_adc.o(.ARM.exidx.text.adc_data_alignment_config) refers to gd32e23x_adc.o(.text.adc_data_alignment_config) for [Anonymous Symbol]
    gd32e23x_adc.o(.ARM.exidx.text.adc_channel_length_config) refers to gd32e23x_adc.o(.text.adc_channel_length_config) for [Anonymous Symbol]
    gd32e23x_adc.o(.ARM.exidx.text.adc_regular_channel_config) refers to gd32e23x_adc.o(.text.adc_regular_channel_config) for [Anonymous Symbol]
    gd32e23x_adc.o(.ARM.exidx.text.adc_inserted_channel_config) refers to gd32e23x_adc.o(.text.adc_inserted_channel_config) for [Anonymous Symbol]
    gd32e23x_adc.o(.ARM.exidx.text.adc_inserted_channel_offset_config) refers to gd32e23x_adc.o(.text.adc_inserted_channel_offset_config) for [Anonymous Symbol]
    gd32e23x_adc.o(.ARM.exidx.text.adc_external_trigger_config) refers to gd32e23x_adc.o(.text.adc_external_trigger_config) for [Anonymous Symbol]
    gd32e23x_adc.o(.ARM.exidx.text.adc_external_trigger_source_config) refers to gd32e23x_adc.o(.text.adc_external_trigger_source_config) for [Anonymous Symbol]
[...]
    Removing inv_mpu_dmp_motion_driver.o(.text.dmp_enable_6x_lp_quat), (68 bytes).
    Removing inv_mpu_dmp_motion_driver.o(.ARM.exidx.text.dmp_enable_6x_lp_quat), (8 bytes).
    Removing inv_mpu_dmp_motion_driver.o(.text.dmp_get_enabled_features), (24 bytes).
    Removing inv_mpu_dmp_motion_driver.o(.ARM.exidx.text.dmp_get_enabled_features), (8 bytes).
    Removing inv_mpu_dmp_motion_driver.o(.text.dmp_set_interrupt_mode), (128 bytes).
    Removing inv_mpu_dmp_motion_driver.o(.ARM.exidx.text.dmp_set_interrupt_mode), (8 bytes).
    Removing inv_mpu_dmp_motion_driver.o(.text.dmp_read_fifo), (492 bytes).
    Removing inv_mpu_dmp_motion_driver.o(.ARM.exidx.text.dmp_read_fifo), (8 bytes).
    Removing inv_mpu_dmp_motion_driver.o(.text.decode_gesture), (136 bytes).
    Removing inv_mpu_dmp_motion_driver.o(.ARM.exidx.text.decode_gesture), (8 bytes).
    Removing inv_mpu_dmp_motion_driver.o(.text.dmp_register_tap_cb), (20 bytes).
    Removing inv_mpu_dmp_motion_driver.o(.ARM.exidx.text.dmp_register_tap_cb), (8 bytes).
    Removing inv_mpu_dmp_motion_driver.o(.text.dmp_register_android_orient_cb), (20 bytes).
    Removing inv_mpu_dmp_motion_driver.o(.ARM.exidx.text.dmp_register_android_orient_cb), (8 bytes).
    Removing inv_mpu_dmp_motion_driver.o(.rodata.dmp_memory), (3062 bytes).
    Removing inv_mpu_dmp_motion_driver.o(.rodata..L__const.dmp_set_orientation.gyro_axes), (3 bytes).
    Removing inv_mpu_dmp_motion_driver.o(.rodata..L__const.dmp_set_orientation.accel_axes), (3 bytes).
    Removing inv_mpu_dmp_motion_driver.o(.rodata..L__const.dmp_set_orientation.gyro_sign), (3 bytes).
    Removing inv_mpu_dmp_motion_driver.o(.rodata..L__const.dmp_set_orientation.accel_sign), (3 bytes).
    Removing inv_mpu_dmp_motion_driver.o(.bss.dmp), (16 bytes).
    Removing inv_mpu_dmp_motion_driver.o(.rodata..L__const.dmp_set_fifo_rate.regs_end), (12 bytes).
    Removing inv_mpu_dmp_motion_driver.o(.rodata..L__const.dmp_enable_gyro_cal.regs), (9 bytes).
    Removing inv_mpu_dmp_motion_driver.o(.rodata..L__const.dmp_enable_gyro_cal.regs.1), (9 bytes).
    Removing inv_mpu_dmp_motion_driver.o(.rodata..L__const.dmp_set_interrupt_mode.regs_continuous), (11 bytes).
    Removing inv_mpu_dmp_motion_driver.o(.rodata..L__const.dmp_set_interrupt_mode.regs_gesture), (11 bytes).
    Removing gd32e23x_it.o(.text), (0 bytes).
    Removing gd32e23x_it.o(.ARM.exidx.text.NMI_Handler), (8 bytes).
    Removing gd32e23x_it.o(.ARM.exidx.text.HardFault_Handler), (8 bytes).
    Removing gd32e23x_it.o(.text.MemManage_Handler), (4 bytes).
    Removing gd32e23x_it.o(.ARM.exidx.text.MemManage_Handler), (8 bytes).
    Removing gd32e23x_it.o(.text.BusFault_Handler), (4 bytes).
    Removing gd32e23x_it.o(.ARM.exidx.text.BusFault_Handler), (8 bytes).
    Removing gd32e23x_it.o(.text.UsageFault_Handler), (4 bytes).
    Removing gd32e23x_it.o(.ARM.exidx.text.UsageFault_Handler), (8 bytes).
    Removing gd32e23x_it.o(.ARM.exidx.text.SVC_Handler), (8 bytes).
    Removing gd32e23x_it.o(.text.DebugMon_Handler), (2 bytes).
    Removing gd32e23x_it.o(.ARM.exidx.text.DebugMon_Handler), (8 bytes).
    Removing gd32e23x_it.o(.ARM.exidx.text.PendSV_Handler), (8 bytes).
    Removing gd32e23x_it.o(.ARM.exidx.text.SysTick_Handler), (8 bytes).
    Removing main.o(.text), (0 bytes).
    Removing main.o(.ARM.exidx.text.main), (8 bytes).
    Removing main.o(.ARM.use_no_argv), (4 bytes).
    Removing systick.o(.text), (0 bytes).
    Removing systick.o(.ARM.exidx.text.systick_config), (8 bytes).
    Removing systick.o(.text.delay_1us), (128 bytes).
    Removing systick.o(.ARM.exidx.text.delay_1us), (8 bytes).
    Removing systick.o(.text.delay_us), (128 bytes).
    Removing systick.o(.ARM.exidx.text.delay_us), (8 bytes).
    Removing systick.o(.text.delay_1ms), (128 bytes).
    Removing systick.o(.ARM.exidx.text.delay_1ms), (8 bytes).
    Removing systick.o(.ARM.exidx.text.delay_ms), (8 bytes).
    Removing fadd.o(.text), (178 bytes).
    Removing dadd.o(.text), (356 bytes).
    Removing dmul.o(.text), (208 bytes).
    Removing ddiv.o(.text), (240 bytes).
    Removing fcmple.o(.text), (28 bytes).
    Removing fcmplt.o(.text), (28 bytes).
    Removing fcmpeq.o(.text), (28 bytes).
    Removing fflti.o(.text), (22 bytes).
    Removing dflti.o(.text), (40 bytes).
    Removing ffixi.o(.text), (50 bytes).
    Removing f2d.o(.text), (40 bytes).
    Removing d2f.o(.text), (56 bytes).
    Removing depilogue.o(.text), (190 bytes).
    Removing dscalb.o(.text), (44 bytes).
    Removing dfixul.o(.text), (64 bytes).
    Removing cdcmple.o(.text), (40 bytes).
    Removing cdrcmple.o(.text), (40 bytes).
    Removing dsqrt.o(.text), (162 bytes).
    Removing depilogue.o(i.__ARM_clz), (46 bytes).

1355 unused section(s) (total 57936 bytes) removed from the image.

==============================================================================

Image Symbol Table

    Local Symbols

    Symbol Name                              Value     Ov Type        Size  Object(Section)

    ../clib/division.s                       0x00000000   Number         0  aeabi_sdiv.o ABSOLUTE
    ../clib/division.s                       0x00000000   Number         0  aeabi_sdiv_div0.o ABSOLUTE
    ../clib/longlong.c                       0x00000000   Number         0  llmul.o ABSOLUTE
    ../clib/microlib/ctype/ctype.c           0x00000000   Number         0  ctype_o.o ABSOLUTE
    ../clib/microlib/ctype/ctype.c           0x00000000   Number         0  isalnum_o.o ABSOLUTE
    ../clib/microlib/ctype/ctype.c           0x00000000   Number         0  isalpha_o.o ABSOLUTE
    ../clib/microlib/ctype/ctype.c           0x00000000   Number         0  isblank_o.o ABSOLUTE
    ../clib/microlib/ctype/ctype.c           0x00000000   Number         0  iscntrl_o.o ABSOLUTE
    ../clib/microlib/ctype/ctype.c           0x00000000   Number         0  isdigit_o.o ABSOLUTE
    ../clib/microlib/ctype/ctype.c           0x00000000   Number         0  isgraph_o.o ABSOLUTE
    ../clib/microlib/ctype/ctype.c           0x00000000   Number         0  islower_o.o ABSOLUTE
    ../clib/microlib/ctype/ctype.c           0x00000000   Number         0  isprint_o.o ABSOLUTE
    ../clib/microlib/ctype/ctype.c           0x00000000   Number         0  ispunct_o.o ABSOLUTE
    ../clib/microlib/ctype/ctype.c           0x00000000   Number         0  isspace_o.o ABSOLUTE
    ../clib/microlib/ctype/ctype.c           0x00000000   Number         0  isupper_o.o ABSOLUTE
    ../clib/microlib/ctype/ctype.c           0x00000000   Number         0  isxdigit_o.o ABSOLUTE
    ../clib/microlib/division.c              0x00000000   Number         0  ldiv.o ABSOLUTE
    ../clib/microlib/division.c              0x00000000   Number         0  uidiv.o ABSOLUTE
    ../clib/microlib/division.c              0x00000000   Number         0  uldiv.o ABSOLUTE
    ../clib/microlib/division.c              0x00000000   Number         0  uidiv_div0.o ABSOLUTE
    ../clib/microlib/division.c              0x00000000   Number         0  idiv_div0.o ABSOLUTE
    ../clib/microlib/division.c              0x00000000   Number         0  idiv0.o ABSOLUTE
    ../clib/microlib/errno.c                 0x00000000   Number         0  errno.o ABSOLUTE
    ../clib/microlib/init/entry.s            0x00000000   Number         0  entry.o ABSOLUTE
    ../clib/microlib/init/entry.s            0x00000000   Number         0  entry2.o ABSOLUTE
    ../clib/microlib/init/entry.s            0x00000000   Number         0  entry5.o ABSOLUTE
    ../clib/microlib/init/entry.s            0x00000000   Number         0  entry7a.o ABSOLUTE
    ../clib/microlib/init/entry.s            0x00000000   Number         0  entry7b.o ABSOLUTE
    ../clib/microlib/init/entry.s            0x00000000   Number         0  entry8a.o ABSOLUTE
    ../clib/microlib/init/entry.s            0x00000000   Number         0  entry8b.o ABSOLUTE
    ../clib/microlib/init/entry.s            0x00000000   Number         0  entry9a.o ABSOLUTE
    ../clib/microlib/init/entry.s            0x00000000   Number         0  entry9b.o ABSOLUTE
    ../clib/microlib/init/entry.s            0x00000000   Number         0  entry10a.o ABSOLUTE
    ../clib/microlib/init/entry.s            0x00000000   Number         0  entry10b.o ABSOLUTE
    ../clib/microlib/init/entry.s            0x00000000   Number         0  entry11a.o ABSOLUTE
    ../clib/microlib/init/entry.s            0x00000000   Number         0  entry11b.o ABSOLUTE
    ../clib/microlib/longlong.c              0x00000000   Number         0  llshl.o ABSOLUTE
    ../clib/microlib/longlong.c              0x00000000   Number         0  llsshr.o ABSOLUTE
    ../clib/microlib/longlong.c              0x00000000   Number         0  llushr.o ABSOLUTE
    ../clib/microlib/printf/printf.c         0x00000000   Number         0  printfa.o ABSOLUTE
    ../clib/microlib/stdio/streams.c         0x00000000   Number         0  stdout.o ABSOLUTE
    ../clib/microlib/string/memcmp.c         0x00000000   Number         0  memcmp.o ABSOLUTE
    ../clib/microlib/string/memcpy.c         0x00000000   Number         0  memcpya.o ABSOLUTE
    ../clib/microlib/string/memcpy.c         0x00000000   Number         0  memcpyb.o ABSOLUTE
    ../clib/microlib/stubs.s                 0x00000000   Number         0  iusefp.o ABSOLUTE
    ../clib/scanf.c                          0x00000000   Number         0  atoi.o ABSOLUTE
    ../clib/scanf.c                          0x00000000   Number         0  strtol.o ABSOLUTE
    ../clib/scanf.c                          0x00000000   Number         0  _strtoul.o ABSOLUTE
    ../clib/scanf.c                          0x00000000   Number         0  _chval.o ABSOLUTE
    ../fplib/microlib/d2f.c                  0x00000000   Number         0  d2f.o ABSOLUTE
    ../fplib/microlib/f2d.c                  0x00000000   Number         0  f2d.o ABSOLUTE
    ../fplib/microlib/fpadd.c                0x00000000   Number         0  fadd.o ABSOLUTE
    ../fplib/microlib/fpadd.c                0x00000000   Number         0  dadd.o ABSOLUTE
    ../fplib/microlib/fpcmp.c                0x00000000   Number         0  fcmple.o ABSOLUTE
    ../fplib/microlib/fpcmp.c                0x00000000   Number         0  fcmplt.o ABSOLUTE
    ../fplib/microlib/fpcmp.c                0x00000000   Number         0  fcmpge.o ABSOLUTE
    ../fplib/microlib/fpcmp.c                0x00000000   Number         0  fcmpeq.o ABSOLUTE
    ../fplib/microlib/fpdiv.c                0x00000000   Number         0  fdiv.o ABSOLUTE
    ../fplib/microlib/fpdiv.c                0x00000000   Number         0  ddiv.o ABSOLUTE
    ../fplib/microlib/fpepilogue.c           0x00000000   Number         0  fepilogue.o ABSOLUTE
    ../fplib/microlib/fpepilogue.c           0x00000000   Number         0  depilogue.o ABSOLUTE
    ../fplib/microlib/fpfix.c                0x00000000   Number         0  ffixi.o ABSOLUTE
    ../fplib/microlib/fpfix.c                0x00000000   Number         0  ffixui.o ABSOLUTE
    ../fplib/microlib/fpfix.c                0x00000000   Number         0  dfixul.o ABSOLUTE
    ../fplib/microlib/fpflt.c                0x00000000   Number         0  fflti.o ABSOLUTE
    ../fplib/microlib/fpflt.c                0x00000000   Number         0  ffltui.o ABSOLUTE
    ../fplib/microlib/fpflt.c                0x00000000   Number         0  dflti.o ABSOLUTE
    ../fplib/microlib/fpmul.c                0x00000000   Number         0  fmul.o ABSOLUTE
    ../fplib/microlib/fpmul.c                0x00000000   Number         0  dmul.o ABSOLUTE
    ../fplib/microlib/fpscalb.c              0x00000000   Number         0  dscalb.o ABSOLUTE
    ../fplib/microlib/fpsqrt.c               0x00000000   Number         0  dsqrt.o ABSOLUTE
    ../mathlib/asin.c                        0x00000000   Number         0  asin.o ABSOLUTE
    ../mathlib/atan.c                        0x00000000   Number         0  atan.o ABSOLUTE
    ../mathlib/atan2.c                       0x00000000   Number         0  atan2.o ABSOLUTE
    ../mathlib/dunder.c                      0x00000000   Number         0  dunder.o ABSOLUTE
    ../mathlib/fpclassify.c                  0x00000000   Number         0  fpclassify.o ABSOLUTE
    ../mathlib/poly.c                        0x00000000   Number         0  poly.o ABSOLUTE
    ../mathlib/qnan.c                        0x00000000   Number         0  qnan.o ABSOLUTE
    ../mathlib/sqrt.c                        0x00000000   Number         0  sqrt.o ABSOLUTE
    ..\Firmware\CMSIS\GD\GD32E23x\Source\ARM\startup_gd32e23x.s 0x00000000   Number         0  startup_gd32e23x.o ABSOLUTE
    Action.c                                 0x00000000   Number         0  action.o ABSOLUTE
    Frame.c                                  0x00000000   Number         0  frame.o ABSOLUTE
    OLED.c                                   0x00000000   Number         0  oled.o ABSOLUTE
    RobotServoController.c                   0x00000000   Number         0  robotservocontroller.o ABSOLUTE
    bluetooch.c                              0x00000000   Number         0  bluetooch.o ABSOLUTE
    bsp_mpu6050.c                            0x00000000   Number         0  bsp_mpu6050.o ABSOLUTE
    bsp_ultrasonic.c                         0x00000000   Number         0  bsp_ultrasonic.o ABSOLUTE
    bsp_usart.c                              0x00000000   Number         0  bsp_usart.o ABSOLUTE
    cdcmple.s                                0x00000000   Number         0  cdcmple.o ABSOLUTE
    cdrcmple.s                               0x00000000   Number         0  cdrcmple.o ABSOLUTE
    dc.s                                     0x00000000   Number         0  dc.o ABSOLUTE
    gd32e23x_adc.c                           0x00000000   Number         0  gd32e23x_adc.o ABSOLUTE
    gd32e23x_cmp.c                           0x00000000   Number         0  gd32e23x_cmp.o ABSOLUTE
    gd32e23x_crc.c                           0x00000000   Number         0  gd32e23x_crc.o ABSOLUTE
    gd32e23x_dbg.c                           0x00000000   Number         0  gd32e23x_dbg.o ABSOLUTE
    gd32e23x_dma.c                           0x00000000   Number         0  gd32e23x_dma.o ABSOLUTE
    gd32e23x_exti.c                          0x00000000   Number         0  gd32e23x_exti.o ABSOLUTE
    gd32e23x_fmc.c                           0x00000000   Number         0  gd32e23x_fmc.o ABSOLUTE
    gd32e23x_fwdgt.c                         0x00000000   Number         0  gd32e23x_fwdgt.o ABSOLUTE
    gd32e23x_gpio.c                          0x00000000   Number         0  gd32e23x_gpio.o ABSOLUTE
    gd32e23x_i2c.c                           0x00000000   Number         0  gd32e23x_i2c.o ABSOLUTE
    gd32e23x_it.c                            0x00000000   Number         0  gd32e23x_it.o ABSOLUTE
    gd32e23x_misc.c                          0x00000000   Number         0  gd32e23x_misc.o ABSOLUTE
    gd32e23x_pmu.c                           0x00000000   Number         0  gd32e23x_pmu.o ABSOLUTE
    gd32e23x_rcu.c                           0x00000000   Number         0  gd32e23x_rcu.o ABSOLUTE
    gd32e23x_rtc.c                           0x00000000   Number         0  gd32e23x_rtc.o ABSOLUTE
    gd32e23x_spi.c                           0x00000000   Number         0  gd32e23x_spi.o ABSOLUTE
    gd32e23x_syscfg.c                        0x00000000   Number         0  gd32e23x_syscfg.o ABSOLUTE
    gd32e23x_timer.c                         0x00000000   Number         0  gd32e23x_timer.o ABSOLUTE
    gd32e23x_usart.c                         0x00000000   Number         0  gd32e23x_usart.o ABSOLUTE
    gd32e23x_wwdgt.c                         0x00000000   Number         0  gd32e23x_wwdgt.o ABSOLUTE
    handlers.s                               0x00000000   Number         0  handlers.o ABSOLUTE
    init.s                                   0x00000000   Number         0  init.o ABSOLUTE
    inv_mpu.c                                0x00000000   Number         0  inv_mpu.o ABSOLUTE
    inv_mpu_dmp_motion_driver.c              0x00000000   Number         0  inv_mpu_dmp_motion_driver.o ABSOLUTE
    main.c                                   0x00000000   Number         0  main.o ABSOLUTE
    mymath.c                                 0x00000000   Number         0  mymath.o ABSOLUTE
    system_gd32e23x.c                        0x00000000   Number         0  system_gd32e23x.o ABSOLUTE
    systick.c                                0x00000000   Number         0  systick.o ABSOLUTE
    RESET                                    0x08000000   Section      204  startup_gd32e23x.o(RESET)
    .ARM.Collect$$$$00000000                 0x080000cc   Section        0  entry.o(.ARM.Collect$$$$00000000)
    .ARM.Collect$$$$00000001                 0x080000cc   Section        4  entry2.o(.ARM.Collect$$$$00000001)
    .ARM.Collect$$$$00000004                 0x080000d0   Section        4  entry5.o(.ARM.Collect$$$$00000004)
    .ARM.Collect$$$$00000008                 0x080000d4   Section        0  entry7b.o(.ARM.Collect$$$$00000008)
    .ARM.Collect$$$$0000000A                 0x080000d4   Section        0  entry8b.o(.ARM.Collect$$$$0000000A)
    .ARM.Collect$$$$0000000B                 0x080000d4   Section        8  entry9a.o(.ARM.Collect$$$$0000000B)
    __lit__00000000                          0x080000dc   Data           4  entry2.o(.ARM.Collect$$$$00002712)
    .ARM.Collect$$$$0000000D                 0x080000dc   Section        0  entry10a.o(.ARM.Collect$$$$0000000D)
    .ARM.Collect$$$$0000000F                 0x080000dc   Section        0  entry11a.o(.ARM.Collect$$$$0000000F)
    .ARM.Collect$$$$00002712                 0x080000dc   Section        4  entry2.o(.ARM.Collect$$$$00002712)
    .text                                    0x080000e0   Section       28  startup_gd32e23x.o(.text)
    .text                                    0x080000fc   Section        0  atoi.o(.text)
    .text                                    0x08000116   Section        0  fmul.o(.text)
    .text                                    0x08000190   Section        0  fdiv.o(.text)
    .text                                    0x0800020c   Section        0  fcmpge.o(.text)
    .text                                    0x08000228   Section        0  ffltui.o(.text)
    .text                                    0x08000236   Section        0  ffixui.o(.text)
    .text                                    0x08000260   Section        0  strtol.o(.text)
    .text                                    0x080002d0   Section        0  iusefp.o(.text)
    .text                                    0x080002d0   Section        0  fepilogue.o(.text)
    .text                                    0x08000354   Section       48  init.o(.text)
    .text                                    0x08000384   Section        0  ctype_o.o(.text)
    .text                                    0x0800038c   Section        0  _strtoul.o(.text)
    .text                                    0x08000432   Section        0  _chval.o(.text)
    [Anonymous Symbol]                       0x08000450   Section        0  frame.o(.text.ActionCallBack)
    __arm_cp.5_0                             0x08000468   Number         4  frame.o(.text.ActionCallBack)
    [Anonymous Symbol]                       0x0800046c   Section        0  frame.o(.text.BluetoochMode)
    __arm_cp.4_0                             0x080004bc   Number         4  frame.o(.text.BluetoochMode)
    __arm_cp.4_1                             0x080004c0   Number         4  frame.o(.text.BluetoochMode)
    [Anonymous Symbol]                       0x080004c4   Section        0  bluetooch.o(.text.Bluetooth_GPIO_Init)
    __arm_cp.0_0                             0x08000588   Number         4  bluetooch.o(.text.Bluetooth_GPIO_Init)
    __arm_cp.0_1                             0x0800058c   Number         4  bluetooch.o(.text.Bluetooth_GPIO_Init)
    __arm_cp.0_2                             0x08000590   Number         4  bluetooch.o(.text.Bluetooth_GPIO_Init)
    [Anonymous Symbol]                       0x08000594   Section        0  bluetooch.o(.text.Bluetooth_Init)
    [Anonymous Symbol]                       0x080005a4   Section        0  bluetooch.o(.text.Bluetooth_Link_Gpio_Init)
    __arm_cp.4_0                             0x080005bc   Number         4  bluetooch.o(.text.Bluetooth_Link_Gpio_Init)
    [Anonymous Symbol]                       0x080005c0   Section        0  bluetooch.o(.text.Bluetooth_Mode)
    __arm_cp.7_0                             0x08000610   Number         4  bluetooch.o(.text.Bluetooth_Mode)
    __arm_cp.7_1                             0x08000614   Number         4  bluetooch.o(.text.Bluetooth_Mode)
    __arm_cp.7_2                             0x08000618   Number         4  bluetooch.o(.text.Bluetooth_Mode)
    [Anonymous Symbol]                       0x0800061c   Section        0  bluetooch.o(.text.Clear_BLERX_BUFF)
    __arm_cp.3_0                             0x08000648   Number         4  bluetooch.o(.text.Clear_BLERX_BUFF)
    __arm_cp.3_1                             0x0800064c   Number         4  bluetooch.o(.text.Clear_BLERX_BUFF)
    [Anonymous Symbol]                       0x08000650   Section        0  frame.o(.text.CtrlEntry)
    [Anonymous Symbol]                       0x08000660   Section        0  frame.o(.text.FrameEntry)
    __arm_cp.2_0                             0x08000680   Number         4  frame.o(.text.FrameEntry)
    __arm_cp.2_1                             0x08000684   Number         4  frame.o(.text.FrameEntry)
    __arm_cp.2_2                             0x08000688   Number         4  frame.o(.text.FrameEntry)
    [Anonymous Symbol]                       0x0800068c   Section        0  gd32e23x_it.o(.text.HardFault_Handler)
    [Anonymous Symbol]                       0x08000690   Section        0  frame.o(.text.HexapodRobot_Init)
    __arm_cp.1_0                             0x080006e0   Number         4  frame.o(.text.HexapodRobot_Init)
    __arm_cp.1_1                             0x080006e4   Number         4  frame.o(.text.HexapodRobot_Init)
    [Anonymous Symbol]                       0x080006e8   Section        0  robotservocontroller.o(.text.MoveServo)
    __arm_cp.0_0                             0x0800074c   Number         4  robotservocontroller.o(.text.MoveServo)
    [Anonymous Symbol]                       0x08000750   Section        0  action.o(.text.Move_Advance)
    __arm_cp.3_0                             0x08000770   Number         4  action.o(.text.Move_Advance)
    __arm_cp.3_1                             0x08000774   Number         4  action.o(.text.Move_Advance)
    __arm_cp.3_2                             0x08000778   Number         4  action.o(.text.Move_Advance)
    __arm_cp.3_3                             0x0800077c   Number         4  action.o(.text.Move_Advance)
    [Anonymous Symbol]                       0x08000780   Section        0  action.o(.text.Move_Left_Turn)
    [Anonymous Symbol]                       0x080007a0   Section        0  action.o(.text.Move_Logic)
    __arm_cp.2_1                             0x08000874   Number         4  action.o(.text.Move_Logic)
    __arm_cp.2_2                             0x08000878   Number         4  action.o(.text.Move_Logic)
    __arm_cp.2_3                             0x0800087c   Number         4  action.o(.text.Move_Logic)
    __arm_cp.2_4                             0x08000880   Number         4  action.o(.text.Move_Logic)
    __arm_cp.2_5                             0x08000884   Number         4  action.o(.text.Move_Logic)
    __arm_cp.2_6                             0x08000888   Number         4  action.o(.text.Move_Logic)
    __arm_cp.2_7                             0x0800088c   Number         4  action.o(.text.Move_Logic)
    __arm_cp.2_8                             0x08000890   Number         4  action.o(.text.Move_Logic)
    [Anonymous Symbol]                       0x08000894   Section        0  action.o(.text.Move_Retreat)
    __arm_cp.4_0                             0x080008b4   Number         4  action.o(.text.Move_Retreat)
    __arm_cp.4_1                             0x080008b8   Number         4  action.o(.text.Move_Retreat)
    __arm_cp.4_2                             0x080008bc   Number         4  action.o(.text.Move_Retreat)
    __arm_cp.4_3                             0x080008c0   Number         4  action.o(.text.Move_Retreat)
    [Anonymous Symbol]                       0x080008c4   Section        0  action.o(.text.Move_Right_Turn)
    __arm_cp.6_0                             0x080008e4   Number         4  action.o(.text.Move_Right_Turn)
    __arm_cp.6_1                             0x080008e8   Number         4  action.o(.text.Move_Right_Turn)
    __arm_cp.6_2                             0x080008ec   Number         4  action.o(.text.Move_Right_Turn)
    __arm_cp.6_3                             0x080008f0   Number         4  action.o(.text.Move_Right_Turn)
    [Anonymous Symbol]                       0x080008f4   Section        0  action.o(.text.Move_Rotation)
    __arm_cp.9_0                             0x08000994   Number         4  action.o(.text.Move_Rotation)
    __arm_cp.9_1                             0x08000998   Number         4  action.o(.text.Move_Rotation)
    __arm_cp.9_2                             0x0800099c   Number         4  action.o(.text.Move_Rotation)
    [Anonymous Symbol]                       0x080009a0   Section        0  action.o(.text.Move_Side_Left)
    [Anonymous Symbol]                       0x080009a2   Section        0  action.o(.text.Move_Side_Right)
    [Anonymous Symbol]                       0x080009a4   Section        0  action.o(.text.Move_Stop)
    [Anonymous Symbol]                       0x080009b2   Section        0  gd32e23x_it.o(.text.NMI_Handler)
    [Anonymous Symbol]                       0x080009b4   Section        0  oled.o(.text.OLED_Clear)
    [Anonymous Symbol]                       0x08000a0c   Section        0  oled.o(.text.OLED_I2C_Init)
    __arm_cp.0_0                             0x08000a3c   Number         4  oled.o(.text.OLED_I2C_Init)
    __arm_cp.0_1                             0x08000a40   Number         4  oled.o(.text.OLED_I2C_Init)
    [Anonymous Symbol]                       0x08000a44   Section        0  oled.o(.text.OLED_Init)
    [Anonymous Symbol]                       0x08000ae6   Section        0  oled.o(.text.OLED_Pow)
    [Anonymous Symbol]                       0x08000b0c   Section        0  oled.o(.text.OLED_SetCursor)
    [Anonymous Symbol]                       0x08000b44   Section        0  oled.o(.text.OLED_ShowChar)
    __arm_cp.10_0                            0x08000bec   Number         4  oled.o(.text.OLED_ShowChar)
    __arm_cp.10_1                            0x08000bf0   Number         4  oled.o(.text.OLED_ShowChar)
    __arm_cp.10_2                            0x08000bf4   Number         4  oled.o(.text.OLED_ShowChar)
    [Anonymous Symbol]                       0x08000bf8   Section        0  oled.o(.text.OLED_ShowNum)
    [Anonymous Symbol]                       0x08000c74   Section        0  oled.o(.text.OLED_ShowString)
    [Anonymous Symbol]                       0x08000cbc   Section        0  oled.o(.text.OLED_WriteCommand)
    [Anonymous Symbol]                       0x08000ce6   Section        0  oled.o(.text.OLED_WriteData)
    [Anonymous Symbol]                       0x08000d10   Section        0  gd32e23x_it.o(.text.PendSV_Handler)
    [Anonymous Symbol]                       0x08000d14   Section        0  action.o(.text.Robot_Action)
    [Anonymous Symbol]                       0x08000d50   Section        0  gd32e23x_it.o(.text.SVC_Handler)
    [Anonymous Symbol]                       0x08000d54   Section        0  action.o(.text.Set_Posture_High)
    [Anonymous Symbol]                       0x08000e2c   Section        0  action.o(.text.Set_Posture_Low)
    [Anonymous Symbol]                       0x08000e6c   Section        0  action.o(.text.Set_Posture_Midium)
    __arm_cp.12_1                            0x08000f44   Number         4  action.o(.text.Set_Posture_Midium)
    __arm_cp.12_2                            0x08000f48   Number         4  action.o(.text.Set_Posture_Midium)
    [Anonymous Symbol]                       0x08000f4c   Section        0  action.o(.text.Set_Speed_High)
    [Anonymous Symbol]                       0x08000f54   Section        0  action.o(.text.Set_Speed_Low)
    [Anonymous Symbol]                       0x08000f60   Section        0  action.o(.text.Set_Speed_Midium)
    __arm_cp.15_0                            0x08000f68   Number         4  action.o(.text.Set_Speed_Midium)
    [Anonymous Symbol]                       0x08000f6c   Section        0  gd32e23x_it.o(.text.SysTick_Handler)
    [Anonymous Symbol]                       0x08000f70   Section        0  system_gd32e23x.o(.text.SystemInit)
    __arm_cp.0_0                             0x08000ff8   Number         4  system_gd32e23x.o(.text.SystemInit)
    __arm_cp.0_1                             0x08000ffc   Number         4  system_gd32e23x.o(.text.SystemInit)
    __arm_cp.0_2                             0x08001000   Number         4  system_gd32e23x.o(.text.SystemInit)
    __arm_cp.0_3                             0x08001004   Number         4  system_gd32e23x.o(.text.SystemInit)
    __arm_cp.0_4                             0x08001008   Number         4  system_gd32e23x.o(.text.SystemInit)
    __arm_cp.0_5                             0x0800100c   Number         4  system_gd32e23x.o(.text.SystemInit)
    __arm_cp.0_6                             0x08001010   Number         4  system_gd32e23x.o(.text.SystemInit)
    __arm_cp.0_7                             0x08001014   Number         4  system_gd32e23x.o(.text.SystemInit)
    __arm_cp.0_8                             0x08001018   Number         4  system_gd32e23x.o(.text.SystemInit)
    [Anonymous Symbol]                       0x0800101c   Section        0  bsp_ultrasonic.o(.text.TIMER5_IRQHandler)
    __arm_cp.1_1                             0x0800105c   Number         4  bsp_ultrasonic.o(.text.TIMER5_IRQHandler)
    __arm_cp.1_2                             0x08001060   Number         4  bsp_ultrasonic.o(.text.TIMER5_IRQHandler)
    __arm_cp.1_3                             0x08001064   Number         4  bsp_ultrasonic.o(.text.TIMER5_IRQHandler)
    __arm_cp.1_4                             0x08001068   Number         4  bsp_ultrasonic.o(.text.TIMER5_IRQHandler)
    [Anonymous Symbol]                       0x0800106c   Section        0  bsp_usart.o(.text.USART0_IRQHandler)
    __arm_cp.5_0                             0x080010c8   Number         4  bsp_usart.o(.text.USART0_IRQHandler)
    __arm_cp.5_2                             0x080010cc   Number         4  bsp_usart.o(.text.USART0_IRQHandler)
    __arm_cp.5_3                             0x080010d0   Number         4  bsp_usart.o(.text.USART0_IRQHandler)
    __arm_cp.5_5                             0x080010d4   Number         4  bsp_usart.o(.text.USART0_IRQHandler)
    [Anonymous Symbol]                       0x080010d8   Section        0  bluetooch.o(.text.USART1_IRQHandler)
    __arm_cp.9_0                             0x0800113c   Number         4  bluetooch.o(.text.USART1_IRQHandler)
    __arm_cp.9_1                             0x08001140   Number         4  bluetooch.o(.text.USART1_IRQHandler)
    __arm_cp.9_2                             0x08001144   Number         4  bluetooch.o(.text.USART1_IRQHandler)
    __arm_cp.9_3                             0x08001148   Number         4  bluetooch.o(.text.USART1_IRQHandler)
    __arm_cp.9_4                             0x0800114c   Number         4  bluetooch.o(.text.USART1_IRQHandler)
    __arm_cp.9_5                             0x08001150   Number         4  bluetooch.o(.text.USART1_IRQHandler)
    [Anonymous Symbol]                       0x08001154   Section        0  bsp_ultrasonic.o(.text.Ultrasonic_Init)
    __arm_cp.0_0                             0x08001208   Number         4  bsp_ultrasonic.o(.text.Ultrasonic_Init)
    __arm_cp.0_1                             0x0800120c   Number         4  bsp_ultrasonic.o(.text.Ultrasonic_Init)
    __arm_cp.0_2                             0x08001210   Number         4  bsp_ultrasonic.o(.text.Ultrasonic_Init)
    __arm_cp.0_3                             0x08001214   Number         4  bsp_ultrasonic.o(.text.Ultrasonic_Init)
    [Anonymous Symbol]                       0x08001218   Section        0  action.o(.text._Move_Robot)
    __NVIC_EnableIRQ                         0x08001279   Thumb Code    48  gd32e23x_misc.o(.text.__NVIC_EnableIRQ)
    [Anonymous Symbol]                       0x08001278   Section        0  gd32e23x_misc.o(.text.__NVIC_EnableIRQ)
    __arm_cp.2_0                             0x080012a8   Number         4  gd32e23x_misc.o(.text.__NVIC_EnableIRQ)
    __NVIC_SetPriority                       0x080012ad   Thumb Code   124  gd32e23x_misc.o(.text.__NVIC_SetPriority)
    [Anonymous Symbol]                       0x080012ac   Section        0  gd32e23x_misc.o(.text.__NVIC_SetPriority)
    __arm_cp.1_0                             0x08001328   Number         4  gd32e23x_misc.o(.text.__NVIC_SetPriority)
    __arm_cp.1_1                             0x0800132c   Number         4  gd32e23x_misc.o(.text.__NVIC_SetPriority)
    [Anonymous Symbol]                       0x08001330   Section        0  oled.o(.text.debug)
    __arm_cp.17_0                            0x080013c0   Number         4  oled.o(.text.debug)
    [Anonymous Symbol]                       0x080013c4   Section        0  systick.o(.text.delay_ms)
    __arm_cp.4_0                             0x08001434   Number         4  systick.o(.text.delay_ms)
    __arm_cp.4_1                             0x08001438   Number         4  systick.o(.text.delay_ms)
    __arm_cp.4_2                             0x0800143c   Number         4  systick.o(.text.delay_ms)
    __arm_cp.4_3                             0x08001440   Number         4  systick.o(.text.delay_ms)
    [Anonymous Symbol]                       0x08001444   Section        0  gd32e23x_gpio.o(.text.gpio_af_set)
    [Anonymous Symbol]                       0x08001504   Section        0  gd32e23x_gpio.o(.text.gpio_bit_set)
    [Anonymous Symbol]                       0x08001514   Section        0  gd32e23x_gpio.o(.text.gpio_bit_write)
    [Anonymous Symbol]                       0x08001538   Section        0  gd32e23x_gpio.o(.text.gpio_input_bit_get)
    [Anonymous Symbol]                       0x08001562   Section        0  gd32e23x_gpio.o(.text.gpio_mode_set)
    [Anonymous Symbol]                       0x080015f0   Section        0  gd32e23x_gpio.o(.text.gpio_output_options_set)
    [Anonymous Symbol]                       0x0800167a   Section        0  oled.o(.text.iic_delay)
    [Anonymous Symbol]                       0x080016a0   Section        0  oled.o(.text.iic_send_byte)
    [Anonymous Symbol]                       0x08001718   Section        0  oled.o(.text.iic_start)
    [Anonymous Symbol]                       0x08001758   Section        0  oled.o(.text.iic_stop)
    __arm_cp.3_0                             0x08001788   Number         4  oled.o(.text.iic_stop)
    [Anonymous Symbol]                       0x0800178c   Section        0  main.o(.text.main)
    [Anonymous Symbol]                       0x0800179c   Section        0  gd32e23x_misc.o(.text.nvic_irq_enable)
    [Anonymous Symbol]                       0x080017c8   Section        0  gd32e23x_misc.o(.text.nvic_vector_table_set)
    __arm_cp.7_0                             0x080017e0   Number         4  gd32e23x_misc.o(.text.nvic_vector_table_set)
    __arm_cp.7_1                             0x080017e4   Number         4  gd32e23x_misc.o(.text.nvic_vector_table_set)
    [Anonymous Symbol]                       0x080017e8   Section        0  gd32e23x_rcu.o(.text.rcu_clock_freq_get)
    __arm_cp.38_0                            0x08001a40   Number         4  gd32e23x_rcu.o(.text.rcu_clock_freq_get)
    __arm_cp.38_1                            0x08001a44   Number         4  gd32e23x_rcu.o(.text.rcu_clock_freq_get)
    __arm_cp.38_3                            0x08001a48   Number         4  gd32e23x_rcu.o(.text.rcu_clock_freq_get)
    __arm_cp.38_4                            0x08001a4c   Number         4  gd32e23x_rcu.o(.text.rcu_clock_freq_get)
    __arm_cp.38_5                            0x08001a50   Number         4  gd32e23x_rcu.o(.text.rcu_clock_freq_get)
    __arm_cp.38_6                            0x08001a54   Number         4  gd32e23x_rcu.o(.text.rcu_clock_freq_get)
    __arm_cp.38_7                            0x08001a58   Number         4  gd32e23x_rcu.o(.text.rcu_clock_freq_get)
    __arm_cp.38_8                            0x08001a5c   Number         4  gd32e23x_rcu.o(.text.rcu_clock_freq_get)
    [Anonymous Symbol]                       0x08001a60   Section        0  gd32e23x_rcu.o(.text.rcu_periph_clock_enable)
    [Anonymous Symbol]                       0x08001a84   Section        0  gd32e23x_rcu.o(.text.rcu_periph_reset_disable)
    [Anonymous Symbol]                       0x08001aa8   Section        0  gd32e23x_rcu.o(.text.rcu_periph_reset_enable)
    system_clock_72m_hxtal                   0x08001acd   Thumb Code   208  system_gd32e23x.o(.text.system_clock_72m_hxtal)
    [Anonymous Symbol]                       0x08001acc   Section        0  system_gd32e23x.o(.text.system_clock_72m_hxtal)
    __arm_cp.3_0                             0x08001b9c   Number         4  system_gd32e23x.o(.text.system_clock_72m_hxtal)
    __arm_cp.3_1                             0x08001ba0   Number         4  system_gd32e23x.o(.text.system_clock_72m_hxtal)
    __arm_cp.3_2                             0x08001ba4   Number         4  system_gd32e23x.o(.text.system_clock_72m_hxtal)
    __arm_cp.3_3                             0x08001ba8   Number         4  system_gd32e23x.o(.text.system_clock_72m_hxtal)
    system_clock_config                      0x08001bad   Thumb Code     8  system_gd32e23x.o(.text.system_clock_config)
    [Anonymous Symbol]                       0x08001bac   Section        0  system_gd32e23x.o(.text.system_clock_config)
    [Anonymous Symbol]                       0x08001bb4   Section        0  gd32e23x_misc.o(.text.systick_clksource_set)
    __arm_cp.10_0                            0x08001bdc   Number         4  gd32e23x_misc.o(.text.systick_clksource_set)
    [Anonymous Symbol]                       0x08001be0   Section        0  systick.o(.text.systick_config)
    __arm_cp.0_0                             0x08001c0c   Number         4  systick.o(.text.systick_config)
    __arm_cp.0_1                             0x08001c10   Number         4  systick.o(.text.systick_config)
    __arm_cp.0_2                             0x08001c14   Number         4  systick.o(.text.systick_config)
    __arm_cp.0_3                             0x08001c18   Number         4  systick.o(.text.systick_config)
    __arm_cp.0_4                             0x08001c1c   Number         4  systick.o(.text.systick_config)
    [Anonymous Symbol]                       0x08001c20   Section        0  frame.o(.text.testfunc)
    __arm_cp.0_0                             0x08001c58   Number         4  frame.o(.text.testfunc)
    [Anonymous Symbol]                       0x08001c5c   Section        0  gd32e23x_timer.o(.text.timer_auto_reload_shadow_enable)
    [Anonymous Symbol]                       0x08001c70   Section        0  gd32e23x_timer.o(.text.timer_deinit)
    __arm_cp.0_1                             0x08001d38   Number         4  gd32e23x_timer.o(.text.timer_deinit)
    __arm_cp.0_7                             0x08001d3c   Number         4  gd32e23x_timer.o(.text.timer_deinit)
    __arm_cp.0_8                             0x08001d40   Number         4  gd32e23x_timer.o(.text.timer_deinit)
    __arm_cp.0_9                             0x08001d44   Number         4  gd32e23x_timer.o(.text.timer_deinit)
    __arm_cp.0_10                            0x08001d48   Number         4  gd32e23x_timer.o(.text.timer_deinit)
    __arm_cp.0_11                            0x08001d4c   Number         4  gd32e23x_timer.o(.text.timer_deinit)
    [Anonymous Symbol]                       0x08001d50   Section        0  gd32e23x_timer.o(.text.timer_enable)
    [Anonymous Symbol]                       0x08001d64   Section        0  gd32e23x_timer.o(.text.timer_init)
    __arm_cp.2_0                             0x08001e48   Number         4  gd32e23x_timer.o(.text.timer_init)
    __arm_cp.2_1                             0x08001e4c   Number         4  gd32e23x_timer.o(.text.timer_init)
    __arm_cp.2_2                             0x08001e50   Number         4  gd32e23x_timer.o(.text.timer_init)
    __arm_cp.2_3                             0x08001e54   Number         4  gd32e23x_timer.o(.text.timer_init)
    __arm_cp.2_4                             0x08001e58   Number         4  gd32e23x_timer.o(.text.timer_init)
    __arm_cp.2_5                             0x08001e5c   Number         4  gd32e23x_timer.o(.text.timer_init)
    [Anonymous Symbol]                       0x08001e60   Section        0  gd32e23x_timer.o(.text.timer_interrupt_enable)
    [Anonymous Symbol]                       0x08001e74   Section        0  gd32e23x_timer.o(.text.timer_interrupt_flag_clear)
    [Anonymous Symbol]                       0x08001e88   Section        0  gd32e23x_timer.o(.text.timer_interrupt_flag_get)
    [Anonymous Symbol]                       0x08001ec2   Section        0  gd32e23x_timer.o(.text.timer_prescaler_config)
    [Anonymous Symbol]                       0x08001ef2   Section        0  gd32e23x_timer.o(.text.timer_primary_output_config)
    [Anonymous Symbol]                       0x08001f24   Section        0  gd32e23x_usart.o(.text.usart_baudrate_set)
    __arm_cp.1_2                             0x08001fd0   Number         4  gd32e23x_usart.o(.text.usart_baudrate_set)
    [Anonymous Symbol]                       0x08001fd4   Section        0  gd32e23x_usart.o(.text.usart_data_receive)
    [Anonymous Symbol]                       0x08001fe4   Section        0  gd32e23x_usart.o(.text.usart_data_transmit)
    __arm_cp.18_0                            0x08001ff8   Number         4  gd32e23x_usart.o(.text.usart_data_transmit)
    [Anonymous Symbol]                       0x08001ffc   Section        0  gd32e23x_usart.o(.text.usart_deinit)
    __arm_cp.0_0                             0x08002040   Number         4  gd32e23x_usart.o(.text.usart_deinit)
    __arm_cp.0_2                             0x08002044   Number         4  gd32e23x_usart.o(.text.usart_deinit)
    __arm_cp.0_3                             0x08002048   Number         4  gd32e23x_usart.o(.text.usart_deinit)
    [Anonymous Symbol]                       0x0800204c   Section        0  gd32e23x_usart.o(.text.usart_enable)
    [Anonymous Symbol]                       0x0800205e   Section        0  gd32e23x_usart.o(.text.usart_flag_get)
    [Anonymous Symbol]                       0x0800209c   Section        0  bsp_usart.o(.text.usart_gpio_config)
    __arm_cp.0_0                             0x0800216c   Number         4  bsp_usart.o(.text.usart_gpio_config)
    __arm_cp.0_1                             0x08002170   Number         4  bsp_usart.o(.text.usart_gpio_config)
    [Anonymous Symbol]                       0x08002174   Section        0  gd32e23x_usart.o(.text.usart_interrupt_enable)
    [Anonymous Symbol]                       0x08002198   Section        0  gd32e23x_usart.o(.text.usart_interrupt_flag_clear)
    __arm_cp.73_0                            0x080021d4   Number         4  gd32e23x_usart.o(.text.usart_interrupt_flag_clear)
    [Anonymous Symbol]                       0x080021d8   Section        0  gd32e23x_usart.o(.text.usart_interrupt_flag_get)
    [Anonymous Symbol]                       0x0800223a   Section        0  gd32e23x_usart.o(.text.usart_parity_config)
    [Anonymous Symbol]                       0x08002264   Section        0  gd32e23x_usart.o(.text.usart_receive_config)
    [Anonymous Symbol]                       0x08002282   Section        0  bsp_usart.o(.text.usart_send_array)
    [Anonymous Symbol]                       0x080022c0   Section        0  bsp_usart.o(.text.usart_send_data)
    __arm_cp.1_0                             0x080022e8   Number         4  bsp_usart.o(.text.usart_send_data)
    __arm_cp.1_1                             0x080022ec   Number         4  bsp_usart.o(.text.usart_send_data)
    [Anonymous Symbol]                       0x080022f0   Section        0  gd32e23x_usart.o(.text.usart_stop_bit_set)
    [Anonymous Symbol]                       0x0800231a   Section        0  gd32e23x_usart.o(.text.usart_transmit_config)
    [Anonymous Symbol]                       0x08002338   Section        0  gd32e23x_usart.o(.text.usart_word_length_set)
    i.__aeabi_errno_addr                     0x08002364   Section        0  errno.o(i.__aeabi_errno_addr)
    i.__scatterload_copy                     0x0800236c   Section       14  handlers.o(i.__scatterload_copy)
    i.__scatterload_null                     0x0800237a   Section        2  handlers.o(i.__scatterload_null)
    i.__scatterload_zeroinit                 0x0800237c   Section       14  handlers.o(i.__scatterload_zeroinit)
    .constdata                               0x0800238a   Section      129  ctype_o.o(.constdata)
    table                                    0x0800240c   Data           4  ctype_o.o(.constdata)
    .constdata                               0x0800240c   Section        4  ctype_o.o(.constdata)
    [Anonymous Symbol]                       0x08002a00   Section        0  frame.o(.rodata.str1.1)
    _errno                                   0x20000000   Data           4  errno.o(.data)
    .data                                    0x20000000   Section        4  errno.o(.data)
    Bluetooth_Mode.flag                      0x200001b3   Data           1  bluetooch.o(.bss.Bluetooth_Mode.flag)
    [Anonymous Symbol]                       0x200001b3   Section        0  bluetooch.o(.bss.Bluetooth_Mode.flag)
    actnumber                                0x2000025e   Data           1  frame.o(.bss.actnumber)
    [Anonymous Symbol]                       0x2000025e   Section        0  frame.o(.bss.actnumber)
    count_1ms                                0x20000260   Data           4  systick.o(.bss.count_1ms)
    [Anonymous Symbol]                       0x20000260   Section        0  systick.o(.bss.count_1ms)
    count_1us                                0x20000264   Data           4  systick.o(.bss.count_1us)
    [Anonymous Symbol]                       0x20000264   Section        0  systick.o(.bss.count_1us)
    STACK                                    0x20001290   Section     1024  startup_gd32e23x.o(STACK)

    Global Symbols

    Symbol Name                              Value     Ov Type        Size  Object(Section)

    BuildAttributes$$THM_ISAv3M$S$8M$PE$A:L22$X:L11$S22$IEEE1$IW$~IW$USESV6$~STKCKD$USESV7$~SHL$OTIME$ROPI$IEEEX$EBA8$MICROLIB$REQ8$PRES8$EABIv2 0x00000000   Number         0  anon$$obj.o ABSOLUTE
    __cpp_initialize__aeabi_                  - Undefined Weak Reference
    __cxa_finalize                            - Undefined Weak Reference
    __decompress                              - Undefined Weak Reference
    _clock_init                               - Undefined Weak Reference
    _microlib_exit                            - Undefined Weak Reference
    __Vectors_Size                           0x000000cc   Number         0  startup_gd32e23x.o ABSOLUTE
    __Vectors                                0x08000000   Data           4  startup_gd32e23x.o(RESET)
    __Vectors_End                            0x080000cc   Data           0  startup_gd32e23x.o(RESET)
    __main                                   0x080000cd   Thumb Code     0  entry.o(.ARM.Collect$$$$00000000)
    _main_stk                                0x080000cd   Thumb Code     0  entry2.o(.ARM.Collect$$$$00000001)
    _main_scatterload                        0x080000d1   Thumb Code     0  entry5.o(.ARM.Collect$$$$00000004)
    __main_after_scatterload                 0x080000d5   Thumb Code     0  entry5.o(.ARM.Collect$$$$00000004)
    _main_clock                              0x080000d5   Thumb Code     0  entry7b.o(.ARM.Collect$$$$00000008)
    _main_cpp_init                           0x080000d5   Thumb Code     0  entry8b.o(.ARM.Collect$$$$0000000A)
    _main_init                               0x080000d5   Thumb Code     0  entry9a.o(.ARM.Collect$$$$0000000B)
    __rt_final_cpp                           0x080000dd   Thumb Code     0  entry10a.o(.ARM.Collect$$$$0000000D)
    __rt_final_exit                          0x080000dd   Thumb Code     0  entry11a.o(.ARM.Collect$$$$0000000F)
    Reset_Handler                            0x080000e1   Thumb Code     8  startup_gd32e23x.o(.text)
    ADC_CMP_IRQHandler                       0x080000f3   Thumb Code     0  startup_gd32e23x.o(.text)
    DMA_Channel0_IRQHandler                  0x080000f3   Thumb Code     0  startup_gd32e23x.o(.text)
    DMA_Channel1_2_IRQHandler                0x080000f3   Thumb Code     0  startup_gd32e23x.o(.text)
    DMA_Channel3_4_IRQHandler                0x080000f3   Thumb Code     0  startup_gd32e23x.o(.text)
    EXTI0_1_IRQHandler                       0x080000f3   Thumb Code     0  startup_gd32e23x.o(.text)
    EXTI2_3_IRQHandler                       0x080000f3   Thumb Code     0  startup_gd32e23x.o(.text)
    EXTI4_15_IRQHandler                      0x080000f3   Thumb Code     0  startup_gd32e23x.o(.text)
    FMC_IRQHandler                           0x080000f3   Thumb Code     0  startup_gd32e23x.o(.text)
    I2C0_ER_IRQHandler                       0x080000f3   Thumb Code     0  startup_gd32e23x.o(.text)
    I2C0_EV_IRQHandler                       0x080000f3   Thumb Code     0  startup_gd32e23x.o(.text)
    I2C1_ER_IRQHandler                       0x080000f3   Thumb Code     0  startup_gd32e23x.o(.text)
    I2C1_EV_IRQHandler                       0x080000f3   Thumb Code     0  startup_gd32e23x.o(.text)
    LVD_IRQHandler                           0x080000f3   Thumb Code     0  startup_gd32e23x.o(.text)
    RCU_IRQHandler                           0x080000f3   Thumb Code     0  startup_gd32e23x.o(.text)
    RTC_IRQHandler                           0x080000f3   Thumb Code     0  startup_gd32e23x.o(.text)
    SPI0_IRQHandler                          0x080000f3   Thumb Code     0  startup_gd32e23x.o(.text)
    SPI1_IRQHandler                          0x080000f3   Thumb Code     0  startup_gd32e23x.o(.text)
    TIMER0_BRK_UP_TRG_COM_IRQHandler         0x080000f3   Thumb Code     0  startup_gd32e23x.o(.text)
    TIMER0_Channel_IRQHandler                0x080000f3   Thumb Code     0  startup_gd32e23x.o(.text)
    TIMER13_IRQHandler                       0x080000f3   Thumb Code     0  startup_gd32e23x.o(.text)
    TIMER14_IRQHandler                       0x080000f3   Thumb Code     0  startup_gd32e23x.o(.text)
    TIMER15_IRQHandler                       0x080000f3   Thumb Code     0  startup_gd32e23x.o(.text)
    TIMER16_IRQHandler                       0x080000f3   Thumb Code     0  startup_gd32e23x.o(.text)
    TIMER2_IRQHandler                        0x080000f3   Thumb Code     0  startup_gd32e23x.o(.text)
    WWDGT_IRQHandler                         0x080000f3   Thumb Code     0  startup_gd32e23x.o(.text)
    atoi                                     0x080000fd   Thumb Code    26  atoi.o(.text)
    __aeabi_fmul                             0x08000117   Thumb Code   122  fmul.o(.text)
    __aeabi_fdiv                             0x08000191   Thumb Code   124  fdiv.o(.text)
    __aeabi_fcmpge                           0x0800020d   Thumb Code    28  fcmpge.o(.text)
    __aeabi_ui2f                             0x08000229   Thumb Code    14  ffltui.o(.text)
    __aeabi_f2uiz                            0x08000237   Thumb Code    40  ffixui.o(.text)
    strtol                                   0x08000261   Thumb Code   108  strtol.o(.text)
    __I$use$fp                               0x080002d1   Thumb Code     0  iusefp.o(.text)
    _float_round                             0x080002d1   Thumb Code    16  fepilogue.o(.text)
    _float_epilogue                          0x080002e1   Thumb Code   114  fepilogue.o(.text)
    __scatterload                            0x08000355   Thumb Code    38  init.o(.text)
    __scatterload_rt2                        0x08000355   Thumb Code     0  init.o(.text)
    __rt_ctype_table                         0x08000385   Thumb Code     4  ctype_o.o(.text)
    _strtoul                                 0x0800038d   Thumb Code   166  _strtoul.o(.text)
    _chval                                   0x08000433   Thumb Code    30  _chval.o(.text)
    ActionCallBack                           0x08000451   Thumb Code    24  frame.o(.text.ActionCallBack)
    BluetoochMode                            0x0800046d   Thumb Code    80  frame.o(.text.BluetoochMode)
    Bluetooth_GPIO_Init                      0x080004c5   Thumb Code   196  bluetooch.o(.text.Bluetooth_GPIO_Init)
    Bluetooth_Init                           0x08000595   Thumb Code    16  bluetooch.o(.text.Bluetooth_Init)
    Bluetooth_Link_Gpio_Init                 0x080005a5   Thumb Code    24  bluetooch.o(.text.Bluetooth_Link_Gpio_Init)
    Bluetooth_Mode                           0x080005c1   Thumb Code    80  bluetooch.o(.text.Bluetooth_Mode)
    Clear_BLERX_BUFF                         0x0800061d   Thumb Code    44  bluetooch.o(.text.Clear_BLERX_BUFF)
    CtrlEntry                                0x08000651   Thumb Code    14  frame.o(.text.CtrlEntry)
    FrameEntry                               0x08000661   Thumb Code    32  frame.o(.text.FrameEntry)
    HardFault_Handler                        0x0800068d   Thumb Code     4  gd32e23x_it.o(.text.HardFault_Handler)
    HexapodRobot_Init                        0x08000691   Thumb Code    80  frame.o(.text.HexapodRobot_Init)
    MoveServo                                0x080006e9   Thumb Code   100  robotservocontroller.o(.text.MoveServo)
    Move_Advance                             0x08000751   Thumb Code    32  action.o(.text.Move_Advance)
    Move_Left_Turn                           0x08000781   Thumb Code    32  action.o(.text.Move_Left_Turn)
    Move_Logic                               0x080007a1   Thumb Code   212  action.o(.text.Move_Logic)
    Move_Retreat                             0x08000895   Thumb Code    32  action.o(.text.Move_Retreat)
    Move_Right_Turn                          0x080008c5   Thumb Code    32  action.o(.text.Move_Right_Turn)
    Move_Rotation                            0x080008f5   Thumb Code   160  action.o(.text.Move_Rotation)
    Move_Side_Left                           0x080009a1   Thumb Code     2  action.o(.text.Move_Side_Left)
    Move_Side_Right                          0x080009a3   Thumb Code     2  action.o(.text.Move_Side_Right)
    Move_Stop                                0x080009a5   Thumb Code    14  action.o(.text.Move_Stop)
    NMI_Handler                              0x080009b3   Thumb Code     2  gd32e23x_it.o(.text.NMI_Handler)
    OLED_Clear                               0x080009b5   Thumb Code    86  oled.o(.text.OLED_Clear)
    OLED_I2C_Init                            0x08000a0d   Thumb Code    48  oled.o(.text.OLED_I2C_Init)
    OLED_Init                                0x08000a45   Thumb Code   162  oled.o(.text.OLED_Init)
    OLED_Pow                                 0x08000ae7   Thumb Code    38  oled.o(.text.OLED_Pow)
    OLED_SetCursor                           0x08000b0d   Thumb Code    54  oled.o(.text.OLED_SetCursor)
    OLED_ShowChar                            0x08000b45   Thumb Code   168  oled.o(.text.OLED_ShowChar)
    OLED_ShowNum                             0x08000bf9   Thumb Code   124  oled.o(.text.OLED_ShowNum)
    OLED_ShowString                          0x08000c75   Thumb Code    72  oled.o(.text.OLED_ShowString)
    OLED_WriteCommand                        0x08000cbd   Thumb Code    42  oled.o(.text.OLED_WriteCommand)
    OLED_WriteData                           0x08000ce7   Thumb Code    42  oled.o(.text.OLED_WriteData)
    PendSV_Handler                           0x08000d11   Thumb Code     2  gd32e23x_it.o(.text.PendSV_Handler)
    Robot_Action                             0x08000d15   Thumb Code    60  action.o(.text.Robot_Action)
    SVC_Handler                              0x08000d51   Thumb Code     2  gd32e23x_it.o(.text.SVC_Handler)
    Set_Posture_High                         0x08000d55   Thumb Code   216  action.o(.text.Set_Posture_High)
    Set_Posture_Low                          0x08000e2d   Thumb Code    64  action.o(.text.Set_Posture_Low)
    Set_Posture_Midium                       0x08000e6d   Thumb Code   216  action.o(.text.Set_Posture_Midium)
    Set_Speed_High                           0x08000f4d   Thumb Code     8  action.o(.text.Set_Speed_High)
    Set_Speed_Low                            0x08000f55   Thumb Code    12  action.o(.text.Set_Speed_Low)
    Set_Speed_Midium                         0x08000f61   Thumb Code     8  action.o(.text.Set_Speed_Midium)
    SysTick_Handler                          0x08000f6d   Thumb Code     2  gd32e23x_it.o(.text.SysTick_Handler)
    SystemInit                               0x08000f71   Thumb Code   136  system_gd32e23x.o(.text.SystemInit)
    TIMER5_IRQHandler                        0x0800101d   Thumb Code    64  bsp_ultrasonic.o(.text.TIMER5_IRQHandler)
    USART0_IRQHandler                        0x0800106d   Thumb Code    92  bsp_usart.o(.text.USART0_IRQHandler)
    USART1_IRQHandler                        0x080010d9   Thumb Code   100  bluetooch.o(.text.USART1_IRQHandler)
    Ultrasonic_Init                          0x08001155   Thumb Code   180  bsp_ultrasonic.o(.text.Ultrasonic_Init)
    _Move_Robot                              0x08001219   Thumb Code    96  action.o(.text._Move_Robot)
    debug                                    0x08001331   Thumb Code   144  oled.o(.text.debug)
    delay_ms                                 0x080013c5   Thumb Code   112  systick.o(.text.delay_ms)
    gpio_af_set                              0x08001445   Thumb Code   192  gd32e23x_gpio.o(.text.gpio_af_set)
    gpio_bit_set                             0x08001505   Thumb Code    16  gd32e23x_gpio.o(.text.gpio_bit_set)
    gpio_bit_write                           0x08001515   Thumb Code    36  gd32e23x_gpio.o(.text.gpio_bit_write)
    gpio_input_bit_get                       0x08001539   Thumb Code    42  gd32e23x_gpio.o(.text.gpio_input_bit_get)
    gpio_mode_set                            0x08001563   Thumb Code   142  gd32e23x_gpio.o(.text.gpio_mode_set)
    gpio_output_options_set                  0x080015f1   Thumb Code   138  gd32e23x_gpio.o(.text.gpio_output_options_set)
    iic_delay                                0x0800167b   Thumb Code    36  oled.o(.text.iic_delay)
    iic_send_byte                            0x080016a1   Thumb Code   120  oled.o(.text.iic_send_byte)
    iic_start                                0x08001719   Thumb Code    64  oled.o(.text.iic_start)
    iic_stop                                 0x08001759   Thumb Code    48  oled.o(.text.iic_stop)
    main                                     0x0800178d   Thumb Code    16  main.o(.text.main)
    nvic_irq_enable                          0x0800179d   Thumb Code    44  gd32e23x_misc.o(.text.nvic_irq_enable)
    nvic_vector_table_set                    0x080017c9   Thumb Code    24  gd32e23x_misc.o(.text.nvic_vector_table_set)
    rcu_clock_freq_get                       0x080017e9   Thumb Code   600  gd32e23x_rcu.o(.text.rcu_clock_freq_get)
    rcu_periph_clock_enable                  0x08001a61   Thumb Code    36  gd32e23x_rcu.o(.text.rcu_periph_clock_enable)
    rcu_periph_reset_disable                 0x08001a85   Thumb Code    36  gd32e23x_rcu.o(.text.rcu_periph_reset_disable)
    rcu_periph_reset_enable                  0x08001aa9   Thumb Code    36  gd32e23x_rcu.o(.text.rcu_periph_reset_enable)
    systick_clksource_set                    0x08001bb5   Thumb Code    40  gd32e23x_misc.o(.text.systick_clksource_set)
    systick_config                           0x08001be1   Thumb Code    44  systick.o(.text.systick_config)
    testfunc                                 0x08001c21   Thumb Code    56  frame.o(.text.testfunc)
    timer_auto_reload_shadow_enable          0x08001c5d   Thumb Code    18  gd32e23x_timer.o(.text.timer_auto_reload_shadow_enable)
    timer_deinit                             0x08001c71   Thumb Code   200  gd32e23x_timer.o(.text.timer_deinit)
    timer_enable                             0x08001d51   Thumb Code    18  gd32e23x_timer.o(.text.timer_enable)
    timer_init                               0x08001d65   Thumb Code   228  gd32e23x_timer.o(.text.timer_init)
    timer_interrupt_enable                   0x08001e61   Thumb Code    20  gd32e23x_timer.o(.text.timer_interrupt_enable)
    timer_interrupt_flag_clear               0x08001e75   Thumb Code    20  gd32e23x_timer.o(.text.timer_interrupt_flag_clear)
    timer_interrupt_flag_get                 0x08001e89   Thumb Code    58  gd32e23x_timer.o(.text.timer_interrupt_flag_get)
    timer_prescaler_config                   0x08001ec3   Thumb Code    48  gd32e23x_timer.o(.text.timer_prescaler_config)
    timer_primary_output_config              0x08001ef3   Thumb Code    48  gd32e23x_timer.o(.text.timer_primary_output_config)
    usart_baudrate_set                       0x08001f25   Thumb Code   172  gd32e23x_usart.o(.text.usart_baudrate_set)
    usart_data_receive                       0x08001fd5   Thumb Code    16  gd32e23x_usart.o(.text.usart_data_receive)
    usart_data_transmit                      0x08001fe5   Thumb Code    20  gd32e23x_usart.o(.text.usart_data_transmit)
    usart_deinit                             0x08001ffd   Thumb Code    68  gd32e23x_usart.o(.text.usart_deinit)
    usart_enable                             0x0800204d   Thumb Code    18  gd32e23x_usart.o(.text.usart_enable)
    usart_flag_get                           0x0800205f   Thumb Code    60  gd32e23x_usart.o(.text.usart_flag_get)
    usart_gpio_config                        0x0800209d   Thumb Code   208  bsp_usart.o(.text.usart_gpio_config)
    usart_interrupt_enable                   0x08002175   Thumb Code    34  gd32e23x_usart.o(.text.usart_interrupt_enable)
    usart_interrupt_flag_clear               0x08002199   Thumb Code    60  gd32e23x_usart.o(.text.usart_interrupt_flag_clear)
    usart_interrupt_flag_get                 0x080021d9   Thumb Code    98  gd32e23x_usart.o(.text.usart_interrupt_flag_get)
    usart_parity_config                      0x0800223b   Thumb Code    42  gd32e23x_usart.o(.text.usart_parity_config)
    usart_receive_config                     0x08002265   Thumb Code    30  gd32e23x_usart.o(.text.usart_receive_config)
    usart_send_array                         0x08002283   Thumb Code    60  bsp_usart.o(.text.usart_send_array)
    usart_send_data                          0x080022c1   Thumb Code    40  bsp_usart.o(.text.usart_send_data)
    usart_stop_bit_set                       0x080022f1   Thumb Code    42  gd32e23x_usart.o(.text.usart_stop_bit_set)
    usart_transmit_config                    0x0800231b   Thumb Code    30  gd32e23x_usart.o(.text.usart_transmit_config)
    usart_word_length_set                    0x08002339   Thumb Code    42  gd32e23x_usart.o(.text.usart_word_length_set)
    __aeabi_errno_addr                       0x08002365   Thumb Code     4  errno.o(i.__aeabi_errno_addr)
    __rt_errno_addr                          0x08002365   Thumb Code     0  errno.o(i.__aeabi_errno_addr)
    __scatterload_copy                       0x0800236d   Thumb Code    14  handlers.o(i.__scatterload_copy)
    __scatterload_null                       0x0800237b   Thumb Code     2  handlers.o(i.__scatterload_null)
    __scatterload_zeroinit                   0x0800237d   Thumb Code    14  handlers.o(i.__scatterload_zeroinit)
    __ctype_table                            0x0800238a   Data         129  ctype_o.o(.constdata)
    OLED_F8x16                               0x08002410   Data        1520  oled.o(.rodata.OLED_F8x16)
    Region$$Table$$Base                      0x08002a08   Number         0  anon$$obj.o(Region$$Table)
    Region$$Table$$Limit                     0x08002a28   Number         0  anon$$obj.o(Region$$Table)
    AdvanceLeftJointfront_Param              0x20000004   Data           6  action.o(.data.AdvanceLeftJointfront_Param)
    AdvanceLeftJointrear_Param               0x2000000a   Data           6  action.o(.data.AdvanceLeftJointrear_Param)
    AdvanceRightJointfront_Param             0x20000010   Data           6  action.o(.data.AdvanceRightJointfront_Param)
    AdvanceRightJointrear_Param              0x20000016   Data           6  action.o(.data.AdvanceRightJointrear_Param)
    LeftJoint_Module                         0x2000001c   Data           3  action.o(.data.LeftJoint_Module)
    LeftLegUP_Param                          0x20000020   Data           6  action.o(.data.LeftLegUP_Param)
    LeftLeg_Module                           0x20000026   Data           3  action.o(.data.LeftLeg_Module)
    RetreatLeftJointfront_Param              0x2000002a   Data           6  action.o(.data.RetreatLeftJointfront_Param)
    RetreatLeftJointrear_Param               0x20000030   Data           6  action.o(.data.RetreatLeftJointrear_Param)
    RetreatRightJointfront_Param             0x20000036   Data           6  action.o(.data.RetreatRightJointfront_Param)
    RetreatRightJointrear_Param              0x2000003c   Data           6  action.o(.data.RetreatRightJointrear_Param)
    RightJoint_Module                        0x20000042   Data           3  action.o(.data.RightJoint_Module)
    RightLeg_Module                          0x20000045   Data           3  action.o(.data.RightLeg_Module)
    RightLeg_UP_Param                        0x20000048   Data           6  action.o(.data.RightLeg_UP_Param)
    Robot_Low_Start                          0x2000004e   Data          36  action.o(.data.Robot_Low_Start)
    Robot_Posture                            0x20000074   Data           4  action.o(.data.Robot_Posture)
    RobotjointArray                          0x20000078   Data           6  action.o(.data.RobotjointArray)
    Rotation_Param                           0x2000007e   Data          12  action.o(.data.Rotation_Param)
    SPEED                                    0x2000008a   Data           2  action.o(.data.SPEED)
    SystemCoreClock                          0x2000008c   Data           4  system_gd32e23x.o(.data.SystemCoreClock)
    TurnLeftJointfront_Param                 0x20000090   Data           6  action.o(.data.TurnLeftJointfront_Param)
    TurnLeftJointrear_Param                  0x20000096   Data           6  action.o(.data.TurnLeftJointrear_Param)
    TurnRightJointfront_Param                0x2000009c   Data           6  action.o(.data.TurnRightJointfront_Param)
    TurnRightJointrear_Param                 0x200000a2   Data           6  action.o(.data.TurnRightJointrear_Param)
    actionenum                               0x200000a8   Data          60  frame.o(.data.actionenum)
    BLERX_BUFF                               0x200000e8   Data         200  bluetooch.o(.bss.BLERX_BUFF)
    BLERX_FLAG                               0x200001b0   Data           1  bluetooch.o(.bss.BLERX_FLAG)
    BLERX_LEN                                0x200001b1   Data           1  bluetooch.o(.bss.BLERX_LEN)
    Bluetooth_ConnectFlag                    0x200001b2   Data           1  bluetooch.o(.bss.Bluetooth_ConnectFlag)
    RobotTxBuf                               0x200001b4   Data         128  robotservocontroller.o(.bss.RobotTxBuf)
    Robot_Posture_Begin                      0x20000234   Data          36  action.o(.bss.Robot_Posture_Begin)
    Universal_Param                          0x20000258   Data           6  action.o(.bss.Universal_Param)
    distance                                 0x20000268   Data           4  bsp_ultrasonic.o(.bss.distance)
    g_recv_buff                              0x2000026c   Data        4096  bsp_usart.o(.bss.g_recv_buff)
    g_recv_complete_flag                     0x2000126c   Data           1  bsp_usart.o(.bss.g_recv_complete_flag)
    g_recv_length                            0x2000126e   Data           2  bsp_usart.o(.bss.g_recv_length)
    lengthflag                               0x20001270   Data           1  frame.o(.bss.lengthflag)
    msHcCount                                0x20001271   Data           1  bsp_ultrasonic.o(.bss.msHcCount)
    oled                                     0x20001274   Data          28  oled.o(.bss.oled)
    __initial_sp                             0x20001690   Data           0  startup_gd32e23x.o(STACK)



==============================================================================

Memory Map of the image

  Image Entry point : 0x080000cd

  Load Region LR_IROM1 (Base: 0x08000000, Size: 0x00002b10, Max: 0x00010000, ABSOLUTE)

    Execution Region ER_IROM1 (Exec base: 0x08000000, Load base: 0x08000000, Size: 0x00002a28, Max: 0x00010000, ABSOLUTE)

    Exec Addr    Load Addr    Size         Type   Attr      Idx    E Section Name        Object

    0x08000000   0x08000000   0x000000cc   Data   RO            3    RESET               startup_gd32e23x.o
    0x080000cc   0x080000cc   0x00000000   Code   RO         1702  * .ARM.Collect$$$$00000000  mc_p.l(entry.o)
    0x080000cc   0x080000cc   0x00000004   Code   RO         1807    .ARM.Collect$$$$00000001  mc_p.l(entry2.o)
    0x080000d0   0x080000d0   0x00000004   Code   RO         1810    .ARM.Collect$$$$00000004  mc_p.l(entry5.o)
    0x080000d4   0x080000d4   0x00000000   Code   RO         1812    .ARM.Collect$$$$00000008  mc_p.l(entry7b.o)
    0x080000d4   0x080000d4   0x00000000   Code   RO         1814    .ARM.Collect$$$$0000000A  mc_p.l(entry8b.o)
    0x080000d4   0x080000d4   0x00000008   Code   RO         1815    .ARM.Collect$$$$0000000B  mc_p.l(entry9a.o)
    0x080000dc   0x080000dc   0x00000000   Code   RO         1817    .ARM.Collect$$$$0000000D  mc_p.l(entry10a.o)
    0x080000dc   0x080000dc   0x00000000   Code   RO         1819    .ARM.Collect$$$$0000000F  mc_p.l(entry11a.o)
    0x080000dc   0x080000dc   0x00000004   Code   RO         1808    .ARM.Collect$$$$00002712  mc_p.l(entry2.o)
    0x080000e0   0x080000e0   0x0000001c   Code   RO            4    .text               startup_gd32e23x.o
    0x080000fc   0x080000fc   0x0000001a   Code   RO         1743    .text               mc_p.l(atoi.o)
    0x08000116   0x08000116   0x0000007a   Code   RO         1747    .text               mf_p.l(fmul.o)
    0x08000190   0x08000190   0x0000007c   Code   RO         1749    .text               mf_p.l(fdiv.o)
    0x0800020c   0x0800020c   0x0000001c   Code   RO         1761    .text               mf_p.l(fcmpge.o)
    0x08000228   0x08000228   0x0000000e   Code   RO         1767    .text               mf_p.l(ffltui.o)
    0x08000236   0x08000236   0x00000028   Code   RO         1773    .text               mf_p.l(ffixui.o)
    0x0800025e   0x0800025e   0x00000002   PAD
    0x08000260   0x08000260   0x00000070   Code   RO         1839    .text               mc_p.l(strtol.o)
    0x080002d0   0x080002d0   0x00000000   Code   RO         1841    .text               mc_p.l(iusefp.o)
    0x080002d0   0x080002d0   0x00000082   Code   RO         1842    .text               mf_p.l(fepilogue.o)
    0x08000352   0x08000352   0x00000002   PAD
    0x08000354   0x08000354   0x00000030   Code   RO         1856    .text               mc_p.l(init.o)
    0x08000384   0x08000384   0x00000008   Code   RO         1868    .text               mc_p.l(ctype_o.o)
    0x0800038c   0x0800038c   0x000000a6   Code   RO         1896    .text               mc_p.l(_strtoul.o)
    0x08000432   0x08000432   0x0000001e   Code   RO         1900    .text               mc_p.l(_chval.o)
    0x08000450   0x08000450   0x0000001c   Code   RO         1347    .text.ActionCallBack  frame.o
    0x0800046c   0x0800046c   0x00000058   Code   RO         1345    .text.BluetoochMode  frame.o
    0x080004c4   0x080004c4   0x000000d0   Code   RO         1237    .text.Bluetooth_GPIO_Init  bluetooch.o
    0x08000594   0x08000594   0x00000010   Code   RO         1247    .text.Bluetooth_Init  bluetooch.o
    0x080005a4   0x080005a4   0x0000001c   Code   RO         1245    .text.Bluetooth_Link_Gpio_Init  bluetooch.o
    0x080005c0   0x080005c0   0x0000005c   Code   RO         1251    .text.Bluetooth_Mode  bluetooch.o
    0x0800061c   0x0800061c   0x00000034   Code   RO         1243    .text.Clear_BLERX_BUFF  bluetooch.o
    0x08000650   0x08000650   0x0000000e   Code   RO         1343    .text.CtrlEntry     frame.o
    0x0800065e   0x0800065e   0x00000002   PAD
    0x08000660   0x08000660   0x0000002c   Code   RO         1341    .text.FrameEntry    frame.o
    0x0800068c   0x0800068c   0x00000004   Code   RO         1643    .text.HardFault_Handler  gd32e23x_it.o
    0x08000690   0x08000690   0x00000058   Code   RO         1339    .text.HexapodRobot_Init  frame.o
    0x080006e8   0x080006e8   0x00000068   Code   RO         1366    .text.MoveServo     robotservocontroller.o
    0x08000750   0x08000750   0x00000030   Code   RO         1154    .text.Move_Advance  action.o
    0x08000780   0x08000780   0x00000020   Code   RO         1158    .text.Move_Left_Turn  action.o
    0x080007a0   0x080007a0   0x000000f4   Code   RO         1152    .text.Move_Logic    action.o
    0x08000894   0x08000894   0x00000030   Code   RO         1156    .text.Move_Retreat  action.o
    0x080008c4   0x080008c4   0x00000030   Code   RO         1160    .text.Move_Right_Turn  action.o
    0x080008f4   0x080008f4   0x000000ac   Code   RO         1166    .text.Move_Rotation  action.o
    0x080009a0   0x080009a0   0x00000002   Code   RO         1162    .text.Move_Side_Left  action.o
    0x080009a2   0x080009a2   0x00000002   Code   RO         1164    .text.Move_Side_Right  action.o
    0x080009a4   0x080009a4   0x0000000e   Code   RO         1170    .text.Move_Stop     action.o
    0x080009b2   0x080009b2   0x00000002   Code   RO         1641    .text.NMI_Handler   gd32e23x_it.o
    0x080009b4   0x080009b4   0x00000056   Code   RO         1287    .text.OLED_Clear    oled.o
    0x08000a0a   0x08000a0a   0x00000002   PAD
    0x08000a0c   0x08000a0c   0x00000038   Code   RO         1269    .text.OLED_I2C_Init  oled.o
    0x08000a44   0x08000a44   0x000000a2   Code   RO         1305    .text.OLED_Init     oled.o
    0x08000ae6   0x08000ae6   0x00000026   Code   RO         1293    .text.OLED_Pow      oled.o
    0x08000b0c   0x08000b0c   0x00000036   Code   RO         1285    .text.OLED_SetCursor  oled.o
    0x08000b42   0x08000b42   0x00000002   PAD
    0x08000b44   0x08000b44   0x000000b4   Code   RO         1289    .text.OLED_ShowChar  oled.o
    0x08000bf8   0x08000bf8   0x0000007c   Code   RO         1295    .text.OLED_ShowNum  oled.o
    0x08000c74   0x08000c74   0x00000048   Code   RO         1291    .text.OLED_ShowString  oled.o
    0x08000cbc   0x08000cbc   0x0000002a   Code   RO         1281    .text.OLED_WriteCommand  oled.o
    0x08000ce6   0x08000ce6   0x0000002a   Code   RO         1283    .text.OLED_WriteData  oled.o
    0x08000d10   0x08000d10   0x00000002   Code   RO         1655    .text.PendSV_Handler  gd32e23x_it.o
    0x08000d12   0x08000d12   0x00000002   PAD
    0x08000d14   0x08000d14   0x0000003c   Code   RO         1148    .text.Robot_Action  action.o
    0x08000d50   0x08000d50   0x00000002   Code   RO         1651    .text.SVC_Handler   gd32e23x_it.o
    0x08000d52   0x08000d52   0x00000002   PAD
    0x08000d54   0x08000d54   0x000000d8   Code   RO         1168    .text.Set_Posture_High  action.o
    0x08000e2c   0x08000e2c   0x00000040   Code   RO         1174    .text.Set_Posture_Low  action.o
    0x08000e6c   0x08000e6c   0x000000e0   Code   RO         1172    .text.Set_Posture_Midium  action.o
    0x08000f4c   0x08000f4c   0x00000008   Code   RO         1176    .text.Set_Speed_High  action.o
    0x08000f54   0x08000f54   0x0000000c   Code   RO         1180    .text.Set_Speed_Low  action.o
    0x08000f60   0x08000f60   0x0000000c   Code   RO         1178    .text.Set_Speed_Midium  action.o
    0x08000f6c   0x08000f6c   0x00000002   Code   RO         1657    .text.SysTick_Handler  gd32e23x_it.o
    0x08000f6e   0x08000f6e   0x00000002   PAD
    0x08000f70   0x08000f70   0x000000ac   Code   RO           11    .text.SystemInit    system_gd32e23x.o
    0x0800101c   0x0800101c   0x00000050   Code   RO         1384    .text.TIMER5_IRQHandler  bsp_ultrasonic.o
    0x0800106c   0x0800106c   0x0000006c   Code   RO         1225    .text.USART0_IRQHandler  bsp_usart.o
    0x080010d8   0x080010d8   0x0000007c   Code   RO         1255    .text.USART1_IRQHandler  bluetooch.o
    0x08001154   0x08001154   0x000000c4   Code   RO         1382    .text.Ultrasonic_Init  bsp_ultrasonic.o
    0x08001218   0x08001218   0x00000060   Code   RO         1150    .text._Move_Robot   action.o
    0x08001278   0x08001278   0x00000034   Code   RO          482    .text.__NVIC_EnableIRQ  gd32e23x_misc.o
    0x080012ac   0x080012ac   0x00000084   Code   RO          480    .text.__NVIC_SetPriority  gd32e23x_misc.o
    0x08001330   0x08001330   0x00000094   Code   RO         1303    .text.debug         oled.o
    0x080013c4   0x080013c4   0x00000080   Code   RO         1683    .text.delay_ms      systick.o
    0x08001444   0x08001444   0x000000c0   Code   RO          386    .text.gpio_af_set   gd32e23x_gpio.o
    0x08001504   0x08001504   0x00000010   Code   RO          370    .text.gpio_bit_set  gd32e23x_gpio.o
    0x08001514   0x08001514   0x00000024   Code   RO          374    .text.gpio_bit_write  gd32e23x_gpio.o
    0x08001538   0x08001538   0x0000002a   Code   RO          378    .text.gpio_input_bit_get  gd32e23x_gpio.o
    0x08001562   0x08001562   0x0000008e   Code   RO          366    .text.gpio_mode_set  gd32e23x_gpio.o
    0x080015f0   0x080015f0   0x0000008a   Code   RO          368    .text.gpio_output_options_set  gd32e23x_gpio.o
    0x0800167a   0x0800167a   0x00000024   Code   RO         1271    .text.iic_delay     oled.o
    0x0800169e   0x0800169e   0x00000002   PAD
    0x080016a0   0x080016a0   0x00000078   Code   RO         1277    .text.iic_send_byte  oled.o
    0x08001718   0x08001718   0x00000040   Code   RO         1273    .text.iic_start     oled.o
    0x08001758   0x08001758   0x00000034   Code   RO         1275    .text.iic_stop      oled.o
    0x0800178c   0x0800178c   0x00000010   Code   RO         1666    .text.main          main.o
    0x0800179c   0x0800179c   0x0000002c   Code   RO          478    .text.nvic_irq_enable  gd32e23x_misc.o
    0x080017c8   0x080017c8   0x00000020   Code   RO          492    .text.nvic_vector_table_set  gd32e23x_misc.o
    0x080017e8   0x080017e8   0x00000278   Code   RO          617    .text.rcu_clock_freq_get  gd32e23x_rcu.o
    0x08001a60   0x08001a60   0x00000024   Code   RO          543    .text.rcu_periph_clock_enable  gd32e23x_rcu.o
    0x08001a84   0x08001a84   0x00000024   Code   RO          553    .text.rcu_periph_reset_disable  gd32e23x_rcu.o
    0x08001aa8   0x08001aa8   0x00000024   Code   RO          551    .text.rcu_periph_reset_enable  gd32e23x_rcu.o
    0x08001acc   0x08001acc   0x000000e0   Code   RO           17    .text.system_clock_72m_hxtal  system_gd32e23x.o
    0x08001bac   0x08001bac   0x00000008   Code   RO           13    .text.system_clock_config  system_gd32e23x.o
    0x08001bb4   0x08001bb4   0x0000002c   Code   RO          498    .text.systick_clksource_set  gd32e23x_misc.o
    0x08001be0   0x08001be0   0x00000040   Code   RO         1675    .text.systick_config  systick.o
    0x08001c20   0x08001c20   0x0000003c   Code   RO         1337    .text.testfunc      frame.o
    0x08001c5c   0x08001c5c   0x00000012   Code   RO          829    .text.timer_auto_reload_shadow_enable  gd32e23x_timer.o
    0x08001c6e   0x08001c6e   0x00000002   PAD
    0x08001c70   0x08001c70   0x000000e0   Code   RO          819    .text.timer_deinit  gd32e23x_timer.o
    0x08001d50   0x08001d50   0x00000012   Code   RO          825    .text.timer_enable  gd32e23x_timer.o
    0x08001d62   0x08001d62   0x00000002   PAD
    0x08001d64   0x08001d64   0x000000fc   Code   RO          823    .text.timer_init    gd32e23x_timer.o
    0x08001e60   0x08001e60   0x00000014   Code   RO          861    .text.timer_interrupt_enable  gd32e23x_timer.o
    0x08001e74   0x08001e74   0x00000014   Code   RO          867    .text.timer_interrupt_flag_clear  gd32e23x_timer.o
    0x08001e88   0x08001e88   0x0000003a   Code   RO          865    .text.timer_interrupt_flag_get  gd32e23x_timer.o
    0x08001ec2   0x08001ec2   0x00000030   Code   RO          843    .text.timer_prescaler_config  gd32e23x_timer.o
    0x08001ef2   0x08001ef2   0x00000030   Code   RO          895    .text.timer_primary_output_config  gd32e23x_timer.o
    0x08001f22   0x08001f22   0x00000002   PAD
    0x08001f24   0x08001f24   0x000000b0   Code   RO          974    .text.usart_baudrate_set  gd32e23x_usart.o
    0x08001fd4   0x08001fd4   0x00000010   Code   RO         1010    .text.usart_data_receive  gd32e23x_usart.o
    0x08001fe4   0x08001fe4   0x00000018   Code   RO         1008    .text.usart_data_transmit  gd32e23x_usart.o
    0x08001ffc   0x08001ffc   0x00000050   Code   RO          972    .text.usart_deinit  gd32e23x_usart.o
    0x0800204c   0x0800204c   0x00000012   Code   RO          982    .text.usart_enable  gd32e23x_usart.o
    0x0800205e   0x0800205e   0x0000003c   Code   RO         1106    .text.usart_flag_get  gd32e23x_usart.o
    0x0800209a   0x0800209a   0x00000002   PAD
    0x0800209c   0x0800209c   0x000000d8   Code   RO         1215    .text.usart_gpio_config  bsp_usart.o
    0x08002174   0x08002174   0x00000022   Code   RO         1110    .text.usart_interrupt_enable  gd32e23x_usart.o
    0x08002196   0x08002196   0x00000002   PAD
    0x08002198   0x08002198   0x00000040   Code   RO         1118    .text.usart_interrupt_flag_clear  gd32e23x_usart.o
    0x080021d8   0x080021d8   0x00000062   Code   RO         1116    .text.usart_interrupt_flag_get  gd32e23x_usart.o
    0x0800223a   0x0800223a   0x0000002a   Code   RO          976    .text.usart_parity_config  gd32e23x_usart.o
    0x08002264   0x08002264   0x0000001e   Code   RO          988    .text.usart_receive_config  gd32e23x_usart.o
    0x08002282   0x08002282   0x0000003c   Code   RO         1221    .text.usart_send_array  bsp_usart.o
    0x080022be   0x080022be   0x00000002   PAD
    0x080022c0   0x080022c0   0x00000030   Code   RO         1217    .text.usart_send_data  bsp_usart.o
    0x080022f0   0x080022f0   0x0000002a   Code   RO          980    .text.usart_stop_bit_set  gd32e23x_usart.o
    0x0800231a   0x0800231a   0x0000001e   Code   RO          986    .text.usart_transmit_config  gd32e23x_usart.o
    0x08002338   0x08002338   0x0000002a   Code   RO          978    .text.usart_word_length_set  gd32e23x_usart.o
    0x08002362   0x08002362   0x00000002   PAD
    0x08002364   0x08002364   0x00000008   Code   RO         1832    i.__aeabi_errno_addr  mc_p.l(errno.o)
    0x0800236c   0x0800236c   0x0000000e   Code   RO         1904    i.__scatterload_copy  mc_p.l(handlers.o)
    0x0800237a   0x0800237a   0x00000002   Code   RO         1905    i.__scatterload_null  mc_p.l(handlers.o)
    0x0800237c   0x0800237c   0x0000000e   Code   RO         1906    i.__scatterload_zeroinit  mc_p.l(handlers.o)
    0x0800238a   0x0800238a   0x00000081   Data   RO         1869    .constdata          mc_p.l(ctype_o.o)
    0x0800240b   0x0800240b   0x00000001   PAD
    0x0800240c   0x0800240c   0x00000004   Data   RO         1870    .constdata          mc_p.l(ctype_o.o)
    0x08002410   0x08002410   0x000005f0   Data   RO         1307    .rodata.OLED_F8x16  oled.o
    0x08002a00   0x08002a00   0x00000006   Data   RO         1355    .rodata.str1.1      frame.o
    0x08002a06   0x08002a06   0x00000002   PAD
    0x08002a08   0x08002a08   0x00000020   Data   RO         1903    Region$$Table       anon$$obj.o


    Execution Region RW_IRAM1 (Exec base: 0x20000000, Load base: 0x08002a28, Size: 0x00001690, Max: 0x00002000, ABSOLUTE)

    Exec Addr    Load Addr    Size         Type   Attr      Idx    E Section Name        Object

    0x20000000   0x08002a28   0x00000004   Data   RW         1835    .data               mc_p.l(errno.o)
    0x20000004   0x08002a2c   0x00000006   Data   RW         1196    .data.AdvanceLeftJointfront_Param  action.o
    0x2000000a   0x08002a32   0x00000006   Data   RW         1197    .data.AdvanceLeftJointrear_Param  action.o
    0x20000010   0x08002a38   0x00000006   Data   RW         1198    .data.AdvanceRightJointfront_Param  action.o
    0x20000016   0x08002a3e   0x00000006   Data   RW         1199    .data.AdvanceRightJointrear_Param  action.o
    0x2000001c   0x08002a44   0x00000003   Data   RW         1189    .data.LeftJoint_Module  action.o
    0x2000001f   0x08002a47   0x00000001   PAD
    0x20000020   0x08002a48   0x00000006   Data   RW         1194    .data.LeftLegUP_Param  action.o
    0x20000026   0x08002a4e   0x00000003   Data   RW         1190    .data.LeftLeg_Module  action.o
    0x20000029   0x08002a51   0x00000001   PAD
    0x2000002a   0x08002a52   0x00000006   Data   RW         1200    .data.RetreatLeftJointfront_Param  action.o
    0x20000030   0x08002a58   0x00000006   Data   RW         1201    .data.RetreatLeftJointrear_Param  action.o
    0x20000036   0x08002a5e   0x00000006   Data   RW         1202    .data.RetreatRightJointfront_Param  action.o
    0x2000003c   0x08002a64   0x00000006   Data   RW         1203    .data.RetreatRightJointrear_Param  action.o
    0x20000042   0x08002a6a   0x00000003   Data   RW         1191    .data.RightJoint_Module  action.o
    0x20000045   0x08002a6d   0x00000003   Data   RW         1192    .data.RightLeg_Module  action.o
    0x20000048   0x08002a70   0x00000006   Data   RW         1195    .data.RightLeg_UP_Param  action.o
    0x2000004e   0x08002a76   0x00000024   Data   RW         1186    .data.Robot_Low_Start  action.o
    0x20000072   0x08002a9a   0x00000002   PAD
    0x20000074   0x08002a9c   0x00000004   Data   RW         1184    .data.Robot_Posture  action.o
    0x20000078   0x08002aa0   0x00000006   Data   RW         1187    .data.RobotjointArray  action.o
    0x2000007e   0x08002aa6   0x0000000c   Data   RW         1188    .data.Rotation_Param  action.o
    0x2000008a   0x08002ab2   0x00000002   Data   RW         1182    .data.SPEED         action.o
    0x2000008c   0x08002ab4   0x00000004   Data   RW           19    .data.SystemCoreClock  system_gd32e23x.o
    0x20000090   0x08002ab8   0x00000006   Data   RW         1204    .data.TurnLeftJointfront_Param  action.o
    0x20000096   0x08002abe   0x00000006   Data   RW         1205    .data.TurnLeftJointrear_Param  action.o
    0x2000009c   0x08002ac4   0x00000006   Data   RW         1206    .data.TurnRightJointfront_Param  action.o
    0x200000a2   0x08002aca   0x00000006   Data   RW         1207    .data.TurnRightJointrear_Param  action.o
    0x200000a8   0x08002ad0   0x0000003c   Data   RW         1354    .data.actionenum    frame.o
    0x200000e4   0x08002b0c   0x00000004   PAD
    0x200000e8        -       0x000000c8   Zero   RW         1260    .bss.BLERX_BUFF     bluetooch.o
    0x200001b0        -       0x00000001   Zero   RW         1258    .bss.BLERX_FLAG     bluetooch.o
    0x200001b1        -       0x00000001   Zero   RW         1259    .bss.BLERX_LEN      bluetooch.o
    0x200001b2        -       0x00000001   Zero   RW         1257    .bss.Bluetooth_ConnectFlag  bluetooch.o
    0x200001b3        -       0x00000001   Zero   RW         1261    .bss.Bluetooth_Mode.flag  bluetooch.o
    0x200001b4        -       0x00000080   Zero   RW         1374    .bss.RobotTxBuf     robotservocontroller.o
    0x20000234        -       0x00000024   Zero   RW         1183    .bss.Robot_Posture_Begin  action.o
    0x20000258        -       0x00000006   Zero   RW         1193    .bss.Universal_Param  action.o
    0x2000025e        -       0x00000001   Zero   RW         1356    .bss.actnumber      frame.o
    0x2000025f   0x08002b0c   0x00000001   PAD
    0x20000260        -       0x00000004   Zero   RW         1686    .bss.count_1ms      systick.o
    0x20000264        -       0x00000004   Zero   RW         1685    .bss.count_1us      systick.o
    0x20000268        -       0x00000004   Zero   RW         1397    .bss.distance       bsp_ultrasonic.o
    0x2000026c        -       0x00001000   Zero   RW         1229    .bss.g_recv_buff    bsp_usart.o
    0x2000126c        -       0x00000001   Zero   RW         1228    .bss.g_recv_complete_flag  bsp_usart.o
    0x2000126d   0x08002b0c   0x00000001   PAD
    0x2000126e        -       0x00000002   Zero   RW         1227    .bss.g_recv_length  bsp_usart.o
    0x20001270        -       0x00000001   Zero   RW         1353    .bss.lengthflag     frame.o
    0x20001271        -       0x00000001   Zero   RW         1396    .bss.msHcCount      bsp_ultrasonic.o
    0x20001272   0x08002b0c   0x00000002   PAD
    0x20001274        -       0x0000001c   Zero   RW         1308    .bss.oled           oled.o
    0x20001290        -       0x00000400   Zero   RW            1    STACK               startup_gd32e23x.o


==============================================================================

Image component sizes


      Code (inc. data)   RO Data    RW Data    ZI Data      Debug   Object Name

      1302        104          0        156         42       4969   action.o
       520         60          0          0        204       4894   bluetooch.o
       276         32          0          0          5       3343   bsp_ultrasonic.o
       432         32          0          0       4099       4675   bsp_usart.o
       322         36          6         60          2       2729   frame.o
       566          0          0          0          0       4234   gd32e23x_gpio.o
        12          0          0          0          0       1002   gd32e23x_it.o
       304         24          0          0          0       3893   gd32e23x_misc.o
       740         32          0          0          0      11169   gd32e23x_rcu.o
       706         48          0          0          0      16957   gd32e23x_timer.o
       756         24          0          0          0      14169   gd32e23x_usart.o
        16          0          0          0          0        400   main.o
      1276         28       1520          0         28       5267   oled.o
       104          4          0          0        128       1737   robotservocontroller.o
        28          8        204          0       1024        704   startup_gd32e23x.o
       404         52          0          4          0       1844   system_gd32e23x.o
       192         36          0          0          8       1772   systick.o

    ----------------------------------------------------------------------
      7984        520       1764        224       5548      83758   Object Totals
         0          0         32          0          0          0   (incl. Generated)
        28          0          2          4          8          0   (incl. Padding)

    ----------------------------------------------------------------------

      Code (inc. data)   RO Data    RW Data    ZI Data      Debug   Library Member Name

        30          0          0          0          0         60   _chval.o
       166          0          0          0          0         84   _strtoul.o
        26          0          0          0          0         72   atoi.o
         8          4        133          0          0         60   ctype_o.o
         0          0          0          0          0          0   entry.o
         0          0          0          0          0          0   entry10a.o
         0          0          0          0          0          0   entry11a.o
         8          4          0          0          0          0   entry2.o
         4          0          0          0          0          0   entry5.o
         0          0          0          0          0          0   entry7b.o
         0          0          0          0          0          0   entry8b.o
         8          4          0          0          0          0   entry9a.o
         8          4          0          4          0         60   errno.o
        30          0          0          0          0          0   handlers.o
        48         10          0          0          0         68   init.o
         0          0          0          0          0          0   iusefp.o
       112          4          0          0          0         76   strtol.o
        28          0          0          0          0         60   fcmpge.o
       124          0          0          0          0         72   fdiv.o
       130          0          0          0          0        144   fepilogue.o
        40          0          0          0          0         60   ffixui.o
        14          0          0          0          0         68   ffltui.o
       122          0          0          0          0         72   fmul.o

    ----------------------------------------------------------------------
       910         30        134          4          0        956   Library Totals
         4          0          1          0          0          0   (incl. Padding)

    ----------------------------------------------------------------------

      Code (inc. data)   RO Data    RW Data    ZI Data      Debug   Library Name

       448         30        133          4          0        480   mc_p.l
       458          0          0          0          0        476   mf_p.l

    ----------------------------------------------------------------------
       910         30        134          4          0        956   Library Totals

    ----------------------------------------------------------------------

==============================================================================


      Code (inc. data)   RO Data    RW Data    ZI Data      Debug   

      8894        550       1898        228       5548      84214   Grand Totals
      8894        550       1898        228       5548      84214   ELF Image Totals
      8894        550       1898        228          0          0   ROM Totals

==============================================================================

    Total RO  Size (Code + RO Data)                10792 (  10.54kB)
    Total RW  Size (RW Data + ZI Data)              5776 (   5.64kB)
    Total ROM Size (Code + RO Data + RW Data)      11020 (  10.76kB)

==============================================================================

